[08:41:32.165][S][sensor]: 'Fan Tacho' >> 1164.00 rpm
[08:41:37.069][D][pulse_counter:200]: 'Fan Tacho': Retrieved counter: 1152.00 pulses/min
[08:41:37.159][S][sensor]: 'Fan Tacho' >> 1152.00 rpm
[08:41:42.056][D][pulse_counter:200]: 'Fan Tacho': Retrieved counter: 1164.00 pulses/min
[08:41:42.158][S][sensor]: 'Fan Tacho' >> 1164.00 rpm
[08:41:47.054][D][pulse_counter:200]: 'Fan Tacho': Retrieved counter: 1200.00 pulses/min
[08:41:47.153][S][sensor]: 'Fan Tacho' >> 1200.00 rpm
[08:41:47.624][S][sensor]: 'SHT4x Temperature' >> 26.49 °C
[08:41:48.735][S][sensor]: 'WiFi Signal Percent' >> 68 %
[08:41:48.735][S][sensor]: 'WiFi Signal dB' >> -66 dBm
[08:41:49.414][I][air_quality:333]: state=BOOST speed=40 reason=boost_active (voc=91 co2=509 rh=60 nox=1)
[08:41:49.519][S][text_sensor]: 'Controller State' >> 'BOOST'
[08:41:49.520][S][text_sensor]: 'Last Decision Reason' >> 'boost_active'
[08:41:49.520][S][sensor]: 'Commanded Fan Speed' >> 40.0 %
[08:41:49.520][S][sensor]: 'SCD4x Temperature' >> 23.58 °C
[08:41:49.520][S][sensor]: 'SCD4x Humidity' >> 67.52 %
[08:41:52.055][D][pulse_counter:200]: 'Fan Tacho': Retrieved counter: 1224.00 pulses/min
[08:41:52.164][S][sensor]: 'Fan Tacho' >> 1224.00 rpm
[08:41:57.054][D][pulse_counter:200]: 'Fan Tacho': Retrieved counter: 1188.00 pulses/min
[08:41:57.160][S][sensor]: 'Fan Tacho' >> 1188.00 rpm
[08:42:02.054][D][pulse_counter:200]: 'Fan Tacho': Retrieved counter: 1176.00 pulses/min
[08:42:02.157][S][sensor]: 'Fan Tacho' >> 1176.00 rpm
[08:42:07.055][D][pulse_counter:200]: 'Fan Tacho': Retrieved counter: 1176.00 pulses/min
[08:42:07.156][S][sensor]: 'Fan Tacho' >> 1176.00 rpm
[08:42:12.067][D][pulse_counter:200]: 'Fan Tacho': Retrieved counter: 1176.00 pulses/min
[08:42:12.170][S][sensor]: 'Fan Tacho' >> 1176.00 rpm
[08:42:17.054][D][pulse_counter:200]: 'Fan Tacho': Retrieved counter: 1152.00 pulses/min
[08:42:17.152][S][sensor]: 'Fan Tacho' >> 1152.00 rpm
[08:42:17.502][I][air_quality:333]: state=BOOST speed=40 reason=cooldown (voc=91 co2=509 rh=60 nox=1)
[08:42:17.602][S][text_sensor]: 'Controller State' >> 'BOOST'
[08:42:17.602][S][text_sensor]: 'Last Decision Reason' >> 'cooldown'
[08:42:17.603][S][sensor]: 'Commanded Fan Speed' >> 40.0 %
[08:42:17.603][S][sensor]: 'SHT4x Temperature' >> 26.47 °C
[08:42:18.728][S][sensor]: 'WiFi Signal Percent' >> 66 %
[08:42:18.728][S][sensor]: 'WiFi Signal dB' >> -67 dBm
[08:42:19.541][S][sensor]: 'SCD4x Temperature' >> 23.58 °C
[08:42:19.541][S][sensor]: 'SCD4x Humidity' >> 67.50 %
[08:42:22.055][D][pulse_counter:200]: 'Fan Tacho': Retrieved counter: 1164.00 pulses/min
[08:42:22.159][S][sensor]: 'Fan Tacho' >> 1164.00 rpm
[08:42:27.054][D][pulse_counter:200]: 'Fan Tacho': Retrieved counter: 1188.00 pulses/min
[08:42:27.164][S][sensor]: 'Fan Tacho' >> 1188.00 rpm
[08:42:32.054][D][pulse_counter:200]: 'Fan Tacho': Retrieved counter: 1164.00 pulses/min
[08:42:32.158][S][sensor]: 'Fan Tacho' >> 1164.00 rpm
[08:42:37.053][D][pulse_counter:200]: 'Fan Tacho': Retrieved counter: 1224.00 pulses/min
[08:42:37.156][S][sensor]: 'Fan Tacho' >> 1224.00 rpm
[08:42:42.070][D][pulse_counter:200]: 'Fan Tacho': Retrieved counter: 1152.00 pulses/min
[08:42:42.155][S][sensor]: 'Fan Tacho' >> 1152.00 rpm
[08:42:47.065][D][pulse_counter:200]: 'Fan Tacho': Retrieved counter: 1200.00 pulses/min
[08:42:47.168][S][sensor]: 'Fan Tacho' >> 1200.00 rpm
[08:42:47.623][S][sensor]: 'SHT4x Temperature' >> 26.45 °C
[08:42:48.731][S][sensor]: 'WiFi Signal Percent' >> 66 %
[08:42:48.732][S][sensor]: 'WiFi Signal dB' >> -67 dBm
[08:42:49.527][S][sensor]: 'SCD4x Temperature' >> 23.54 °C
[08:42:49.527][S][sensor]: 'SCD4x Humidity' >> 67.42 %
[08:42:50.245][I][air_quality:333]: state=BOOST speed=40 reason=boost_active (voc=99 co2=509 rh=60 nox=1)
[08:42:50.255][I][air_quality:333]: state=BOOST speed=40 reason=cooldown (voc=99 co2=509 rh=60 nox=1)
[08:42:50.340][S][text_sensor]: 'Controller State' >> 'BOOST'
[08:42:50.340][S][text_sensor]: 'Last Decision Reason' >> 'cooldown'
[08:42:50.340][S][sensor]: 'Commanded Fan Speed' >> 40.0 %
[08:42:50.694][S][sensor]: 'SGP4x VOC Index' >> 99 
[08:42:52.054][D][pulse_counter:200]: 'Fan Tacho': Retrieved counter: 1140.00 pulses/min
[08:42:52.155][S][sensor]: 'Fan Tacho' >> 1140.00 rpm
[08:42:57.055][D][pulse_counter:200]: 'Fan Tacho': Retrieved counter: 1188.00 pulses/min
[08:42:57.170][S][sensor]: 'Fan Tacho' >> 1188.00 rpm
[08:43:02.054][D][pulse_counter:200]: 'Fan Tacho': Retrieved counter: 1164.00 pulses/min
[08:43:02.153][S][sensor]: 'Fan Tacho' >> 1164.00 rpm
[08:43:07.054][D][pulse_counter:200]: 'Fan Tacho': Retrieved counter: 1224.00 pulses/min
[08:43:07.153][S][sensor]: 'Fan Tacho' >> 1224.00 rpm
[08:43:12.054][D][pulse_counter:200]: 'Fan Tacho': Retrieved counter: 1152.00 pulses/min
[08:43:12.153][S][sensor]: 'Fan Tacho' >> 1152.00 rpm
[08:43:17.054][D][pulse_counter:200]: 'Fan Tacho': Retrieved counter: 1152.00 pulses/min
[08:43:17.154][S][sensor]: 'Fan Tacho' >> 1152.00 rpm
[08:43:17.614][S][sensor]: 'SHT4x Temperature' >> 26.42 °C
[08:43:18.738][S][sensor]: 'WiFi Signal Percent' >> 66 %
[08:43:18.738][S][sensor]: 'WiFi Signal dB' >> -67 dBm
[08:43:19.530][S][sensor]: 'SCD4x Temperature' >> 23.54 °C
[08:43:19.530][S][sensor]: 'SCD4x Humidity' >> 67.33 %
[08:43:22.063][D][pulse_counter:200]: 'Fan Tacho': Retrieved counter: 1212.00 pulses/min
[08:43:22.167][S][sensor]: 'Fan Tacho' >> 1212.00 rpm
[08:43:27.055][D][pulse_counter:200]: 'Fan Tacho': Retrieved counter: 1164.00 pulses/min
[08:43:27.183][S][sensor]: 'Fan Tacho' >> 1164.00 rpm
[08:43:32.054][D][pulse_counter:200]: 'Fan Tacho': Retrieved counter: 1188.00 pulses/min
[08:43:32.157][S][sensor]: 'Fan Tacho' >> 1188.00 rpm
[08:43:37.054][D][pulse_counter:200]: 'Fan Tacho': Retrieved counter: 1164.00 pulses/min
[08:43:37.155][S][sensor]: 'Fan Tacho' >> 1164.00 rpm
[08:43:42.054][D][pulse_counter:200]: 'Fan Tacho': Retrieved counter: 1176.00 pulses/min
[08:43:42.158][S][sensor]: 'Fan Tacho' >> 1176.00 rpm
[08:43:47.054][D][pulse_counter:200]: 'Fan Tacho': Retrieved counter: 1164.00 pulses/min
[08:43:47.153][S][sensor]: 'Fan Tacho' >> 1164.00 rpm
[08:43:47.520][I][air_quality:333]: state=BOOST speed=40 reason=boost_active (voc=99 co2=509 rh=59 nox=1)
[08:43:47.617][S][sensor]: 'SHT4x Temperature' >> 26.41 °C
[08:43:47.617][S][text_sensor]: 'Controller State' >> 'BOOST'
[08:43:47.617][S][text_sensor]: 'Last Decision Reason' >> 'boost_active'
[08:43:47.617][S][sensor]: 'Commanded Fan Speed' >> 40.0 %
[08:43:48.738][S][sensor]: 'WiFi Signal Percent' >> 70 %
[08:43:48.739][S][sensor]: 'WiFi Signal dB' >> -65 dBm
[08:43:49.528][S][sensor]: 'SCD4x Temperature' >> 23.51 °C
[08:43:49.528][S][sensor]: 'SCD4x Humidity' >> 67.25 %
[08:43:52.054][D][pulse_counter:200]: 'Fan Tacho': Retrieved counter: 1176.00 pulses/min
[08:43:52.156][S][sensor]: 'Fan Tacho' >> 1176.00 rpm
[08:43:57.066][D][pulse_counter:200]: 'Fan Tacho': Retrieved counter: 1176.00 pulses/min
[08:43:57.168][S][sensor]: 'Fan Tacho' >> 1176.00 rpm
[08:44:02.080][D][pulse_counter:200]: 'Fan Tacho': Retrieved counter: 1164.00 pulses/min
[08:44:02.156][S][sensor]: 'Fan Tacho' >> 1164.00 rpm
[08:44:07.054][D][pulse_counter:200]: 'Fan Tacho': Retrieved counter: 1152.00 pulses/min
[08:44:07.153][S][sensor]: 'Fan Tacho' >> 1152.00 rpm
[08:44:12.065][D][pulse_counter:200]: 'Fan Tacho': Retrieved counter: 1188.00 pulses/min
[08:44:12.182][S][sensor]: 'Fan Tacho' >> 1188.00 rpm
[08:44:17.054][D][pulse_counter:200]: 'Fan Tacho': Retrieved counter: 1164.00 pulses/min
[08:44:17.159][S][sensor]: 'Fan Tacho' >> 1164.00 rpm
[08:44:17.502][I][air_quality:333]: state=BOOST speed=40 reason=cooldown (voc=99 co2=509 rh=59 nox=1)
[08:44:17.603][S][text_sensor]: 'Controller State' >> 'BOOST'
[08:44:17.603][S][text_sensor]: 'Last Decision Reason' >> 'cooldown'
[08:44:17.603][S][sensor]: 'Commanded Fan Speed' >> 40.0 %
[08:44:17.603][S][sensor]: 'SHT4x Temperature' >> 26.39 °C
[08:44:18.729][S][sensor]: 'WiFi Signal Percent' >> 70 %
[08:44:18.730][S][sensor]: 'WiFi Signal dB' >> -65 dBm
[08:44:19.414][I][air_quality:333]: state=BOOST speed=40 reason=boost_active (voc=99 co2=492 rh=59 nox=1)
[08:44:19.515][S][text_sensor]: 'Controller State' >> 'BOOST'
[08:44:19.515][S][text_sensor]: 'Last Decision Reason' >> 'boost_active'
[08:44:19.515][S][sensor]: 'Commanded Fan Speed' >> 40.0 %
[08:44:19.515][S][sensor]: 'SCD4x Temperature' >> 23.51 °C
[08:44:19.515][S][sensor]: 'SCD4x Humidity' >> 67.14 %
[08:44:22.054][D][pulse_counter:200]: 'Fan Tacho': Retrieved counter: 1188.00 pulses/min
[08:44:22.165][S][sensor]: 'Fan Tacho' >> 1188.00 rpm
[08:44:27.054][D][pulse_counter:200]: 'Fan Tacho': Retrieved counter: 1188.00 pulses/min
[08:44:27.170][S][sensor]: 'Fan Tacho' >> 1188.00 rpm
[08:44:32.060][D][pulse_counter:200]: 'Fan Tacho': Retrieved counter: 1212.00 pulses/min
[08:44:32.163][S][sensor]: 'Fan Tacho' >> 1212.00 rpm
[08:44:37.064][D][pulse_counter:200]: 'Fan Tacho': Retrieved counter: 1176.00 pulses/min
[08:44:37.178][S][sensor]: 'Fan Tacho' >> 1176.00 rpm
[08:44:42.054][D][pulse_counter:200]: 'Fan Tacho': Retrieved counter: 1164.00 pulses/min
[08:44:42.153][S][sensor]: 'Fan Tacho' >> 1164.00 rpm
[08:44:47.055][D][pulse_counter:200]: 'Fan Tacho': Retrieved counter: 1224.00 pulses/min
[08:44:47.153][S][sensor]: 'Fan Tacho' >> 1224.00 rpm
[08:44:47.623][S][sensor]: 'SHT4x Temperature' >> 26.37 °C
[08:44:48.299][S][sensor]: 'SCD4x CO2' >> 492 ppm
[08:44:48.740][S][sensor]: 'WiFi Signal Percent' >> 68 %
[08:44:48.740][S][sensor]: 'WiFi Signal dB' >> -66 dBm
[08:44:49.515][S][sensor]: 'SCD4x Temperature' >> 23.49 °C
[08:44:49.515][S][sensor]: 'SCD4x Humidity' >> 67.10 %
[08:44:52.054][D][pulse_counter:200]: 'Fan Tacho': Retrieved counter: 1176.00 pulses/min
[08:44:52.155][S][sensor]: 'Fan Tacho' >> 1176.00 rpm
[08:44:57.054][D][pulse_counter:200]: 'Fan Tacho': Retrieved counter: 1188.00 pulses/min
[08:44:57.153][S][sensor]: 'Fan Tacho' >> 1188.00 rpm
[08:45:02.054][D][pulse_counter:200]: 'Fan Tacho': Retrieved counter: 1188.00 pulses/min
[08:45:02.153][S][sensor]: 'Fan Tacho' >> 1188.00 rpm
[08:45:07.057][D][pulse_counter:200]: 'Fan Tacho': Retrieved counter: 1164.00 pulses/min
[08:45:07.160][S][sensor]: 'Fan Tacho' >> 1164.00 rpm
[08:45:12.072][D][pulse_counter:200]: 'Fan Tacho': Retrieved counter: 1188.00 pulses/min
[08:45:12.153][S][sensor]: 'Fan Tacho' >> 1188.00 rpm
[08:45:17.054][D][pulse_counter:200]: 'Fan Tacho': Retrieved counter: 1200.00 pulses/min
[08:45:17.153][S][sensor]: 'Fan Tacho' >> 1200.00 rpm
[08:45:17.612][S][sensor]: 'SHT4x Temperature' >> 26.39 °C
[08:45:18.905][S][sensor]: 'WiFi Signal Percent' >> 62 %
[08:45:18.905][S][sensor]: 'WiFi Signal dB' >> -69 dBm
[08:45:19.532][S][sensor]: 'SCD4x Temperature' >> 23.48 °C
[08:45:19.532][S][sensor]: 'SCD4x Humidity' >> 67.07 %
[08:45:20.235][I][air_quality:333]: state=BOOST speed=40 reason=boost_active (voc=99 co2=492 rh=59 nox=1)
[08:45:20.249][I][air_quality:333]: state=BOOST speed=40 reason=cooldown (voc=99 co2=492 rh=59 nox=1)
[08:45:20.336][S][text_sensor]: 'Controller State' >> 'BOOST'
[08:45:20.336][S][text_sensor]: 'Last Decision Reason' >> 'cooldown'
[08:45:20.336][S][sensor]: 'Commanded Fan Speed' >> 40.0 %
[08:45:22.056][D][pulse_counter:200]: 'Fan Tacho': Retrieved counter: 1152.00 pulses/min
[08:45:22.164][S][sensor]: 'Fan Tacho' >> 1152.00 rpm
[08:45:27.054][D][pulse_counter:200]: 'Fan Tacho': Retrieved counter: 1164.00 pulses/min
[08:45:27.152][S][sensor]: 'Fan Tacho' >> 1164.00 rpm
[08:45:32.054][D][pulse_counter:200]: 'Fan Tacho': Retrieved counter: 1236.00 pulses/min
[08:45:32.154][S][sensor]: 'Fan Tacho' >> 1236.00 rpm
[08:45:37.059][D][pulse_counter:200]: 'Fan Tacho': Retrieved counter: 1164.00 pulses/min
[08:45:37.185][S][sensor]: 'Fan Tacho' >> 1164.00 rpm
[08:45:42.060][D][pulse_counter:200]: 'Fan Tacho': Retrieved counter: 1188.00 pulses/min
[08:45:42.166][S][sensor]: 'Fan Tacho' >> 1188.00 rpm
[08:45:47.054][D][pulse_counter:200]: 'Fan Tacho': Retrieved counter: 1164.00 pulses/min
[08:45:47.156][S][sensor]: 'Fan Tacho' >> 1164.00 rpm
[08:45:47.623][S][sensor]: 'SHT4x Temperature' >> 26.39 °C
[08:45:48.730][S][sensor]: 'WiFi Signal Percent' >> 74 %
[08:45:48.730][S][sensor]: 'WiFi Signal dB' >> -63 dBm
[08:45:49.537][S][sensor]: 'SCD4x Temperature' >> 23.50 °C
[08:45:49.537][S][sensor]: 'SCD4x Humidity' >> 67.02 %
[08:45:52.055][D][pulse_counter:200]: 'Fan Tacho': Retrieved counter: 1200.00 pulses/min
[08:45:52.167][S][sensor]: 'Fan Tacho' >> 1200.00 rpm
[08:45:57.055][D][pulse_counter:200]: 'Fan Tacho': Retrieved counter: 1176.00 pulses/min
[08:45:57.158][S][sensor]: 'Fan Tacho' >> 1176.00 rpm
[08:46:02.054][D][pulse_counter:200]: 'Fan Tacho': Retrieved counter: 1176.00 pulses/min
[08:46:02.156][S][sensor]: 'Fan Tacho' >> 1176.00 rpm
[08:46:07.054][D][pulse_counter:200]: 'Fan Tacho': Retrieved counter: 1200.00 pulses/min
[08:46:07.153][S][sensor]: 'Fan Tacho' >> 1200.00 rpm
[08:46:12.054][D][pulse_counter:200]: 'Fan Tacho': Retrieved counter: 1164.00 pulses/min
[08:46:12.158][S][sensor]: 'Fan Tacho' >> 1164.00 rpm
[08:46:17.054][D][pulse_counter:200]: 'Fan Tacho': Retrieved counter: 1164.00 pulses/min
[08:46:17.173][S][sensor]: 'Fan Tacho' >> 1164.00 rpm
[08:46:17.499][I][air_quality:333]: state=BOOST speed=40 reason=boost_active (voc=99 co2=492 rh=59 nox=1)
[08:46:17.517][I][air_quality:333]: state=BOOST speed=40 reason=cooldown (voc=99 co2=492 rh=59 nox=1)
[08:46:17.603][S][text_sensor]: 'Controller State' >> 'BOOST'
[08:46:17.603][S][text_sensor]: 'Last Decision Reason' >> 'cooldown'
[08:46:17.603][S][sensor]: 'Commanded Fan Speed' >> 40.0 %
[08:46:17.604][S][sensor]: 'SHT4x Temperature' >> 26.42 °C
[08:46:18.731][S][sensor]: 'WiFi Signal Percent' >> 68 %
[08:46:18.731][S][sensor]: 'WiFi Signal dB' >> -66 dBm
[08:46:19.526][S][sensor]: 'SCD4x Temperature' >> 23.48 °C
[08:46:19.526][S][sensor]: 'SCD4x Humidity' >> 67.16 %
[08:46:22.054][D][pulse_counter:200]: 'Fan Tacho': Retrieved counter: 1176.00 pulses/min
[08:46:22.187][S][sensor]: 'Fan Tacho' >> 1176.00 rpm
[08:46:27.054][D][pulse_counter:200]: 'Fan Tacho': Retrieved counter: 1140.00 pulses/min
[08:46:27.152][S][sensor]: 'Fan Tacho' >> 1140.00 rpm
[08:46:32.056][D][pulse_counter:200]: 'Fan Tacho': Retrieved counter: 1188.00 pulses/min
[08:46:32.153][S][sensor]: 'Fan Tacho' >> 1188.00 rpm
[08:46:37.052][D][pulse_counter:200]: 'Fan Tacho': Retrieved counter: 1164.00 pulses/min
[08:46:37.153][S][sensor]: 'Fan Tacho' >> 1164.00 rpm
[08:46:42.054][D][pulse_counter:200]: 'Fan Tacho': Retrieved counter: 1212.00 pulses/min
[08:46:42.164][S][sensor]: 'Fan Tacho' >> 1212.00 rpm
[08:46:47.054][D][pulse_counter:200]: 'Fan Tacho': Retrieved counter: 1164.00 pulses/min
[08:46:47.160][S][sensor]: 'Fan Tacho' >> 1164.00 rpm
[08:46:47.612][S][sensor]: 'SHT4x Temperature' >> 26.40 °C
[08:46:48.737][S][sensor]: 'WiFi Signal Percent' >> 68 %
[08:46:48.737][S][sensor]: 'WiFi Signal dB' >> -66 dBm
[08:46:49.435][I][air_quality:333]: state=BOOST speed=40 reason=boost_active (voc=99 co2=481 rh=59 nox=1)
[08:46:49.516][S][text_sensor]: 'Controller State' >> 'BOOST'
[08:46:49.516][S][text_sensor]: 'Last Decision Reason' >> 'boost_active'
[08:46:49.516][S][sensor]: 'Commanded Fan Speed' >> 40.0 %
[08:46:49.516][S][sensor]: 'SCD4x Temperature' >> 23.50 °C
[08:46:49.516][S][sensor]: 'SCD4x Humidity' >> 67.22 %
[08:46:52.066][D][pulse_counter:200]: 'Fan Tacho': Retrieved counter: 1152.00 pulses/min
[08:46:52.170][S][sensor]: 'Fan Tacho' >> 1152.00 rpm
[08:46:57.054][D][pulse_counter:200]: 'Fan Tacho': Retrieved counter: 1152.00 pulses/min
[08:46:57.165][S][sensor]: 'Fan Tacho' >> 1152.00 rpm
[08:47:02.054][D][pulse_counter:200]: 'Fan Tacho': Retrieved counter: 1164.00 pulses/min
[08:47:02.162][S][sensor]: 'Fan Tacho' >> 1164.00 rpm
[08:47:07.054][D][pulse_counter:200]: 'Fan Tacho': Retrieved counter: 1152.00 pulses/min
[08:47:07.153][S][sensor]: 'Fan Tacho' >> 1152.00 rpm
[08:47:12.055][D][pulse_counter:200]: 'Fan Tacho': Retrieved counter: 1152.00 pulses/min
[08:47:12.153][S][sensor]: 'Fan Tacho' >> 1152.00 rpm
[08:47:17.054][D][pulse_counter:200]: 'Fan Tacho': Retrieved counter: 1164.00 pulses/min
[08:47:17.154][S][sensor]: 'Fan Tacho' >> 1164.00 rpm
[08:47:17.613][S][sensor]: 'SHT4x Temperature' >> 26.37 °C
[08:47:18.762][S][sensor]: 'WiFi Signal Percent' >> 68 %
[08:47:18.762][S][sensor]: 'WiFi Signal dB' >> -66 dBm
[08:47:19.530][S][sensor]: 'SCD4x Temperature' >> 23.49 °C
[08:47:19.530][S][sensor]: 'SCD4x Humidity' >> 67.28 %
[08:47:22.057][D][pulse_counter:200]: 'Fan Tacho': Retrieved counter: 1164.00 pulses/min
[08:47:22.154][S][sensor]: 'Fan Tacho' >> 1164.00 rpm
[08:47:27.062][D][pulse_counter:200]: 'Fan Tacho': Retrieved counter: 1188.00 pulses/min
[08:47:27.172][S][sensor]: 'Fan Tacho' >> 1188.00 rpm
[08:47:32.064][D][pulse_counter:200]: 'Fan Tacho': Retrieved counter: 1212.00 pulses/min
[08:47:32.167][S][sensor]: 'Fan Tacho' >> 1212.00 rpm
[08:47:37.054][D][pulse_counter:200]: 'Fan Tacho': Retrieved counter: 1176.00 pulses/min
[08:47:37.153][S][sensor]: 'Fan Tacho' >> 1176.00 rpm
[08:47:42.054][D][pulse_counter:200]: 'Fan Tacho': Retrieved counter: 1176.00 pulses/min
[08:47:42.155][S][sensor]: 'Fan Tacho' >> 1176.00 rpm
[08:47:47.056][D][pulse_counter:200]: 'Fan Tacho': Retrieved counter: 1176.00 pulses/min
[08:47:47.158][S][sensor]: 'Fan Tacho' >> 1176.00 rpm
[08:47:47.634][S][sensor]: 'SHT4x Temperature' >> 26.35 °C
[08:47:48.731][S][sensor]: 'WiFi Signal Percent' >> 70 %
[08:47:48.731][S][sensor]: 'WiFi Signal dB' >> -65 dBm
[08:47:49.519][S][sensor]: 'SCD4x Temperature' >> 23.46 °C
[08:47:49.519][S][sensor]: 'SCD4x Humidity' >> 67.03 %
[08:47:50.230][I][air_quality:333]: state=BOOST speed=40 reason=boost_active (voc=99 co2=481 rh=59 nox=1)
[08:47:50.234][I][air_quality:333]: state=BOOST speed=40 reason=cooldown (voc=99 co2=481 rh=59 nox=1)
[08:47:50.337][S][text_sensor]: 'Controller State' >> 'BOOST'
[08:47:50.337][S][text_sensor]: 'Last Decision Reason' >> 'cooldown'
[08:47:50.337][S][sensor]: 'Commanded Fan Speed' >> 40.0 %
[08:47:52.054][D][pulse_counter:200]: 'Fan Tacho': Retrieved counter: 1176.00 pulses/min
[08:47:52.153][S][sensor]: 'Fan Tacho' >> 1176.00 rpm
[08:47:57.056][D][pulse_counter:200]: 'Fan Tacho': Retrieved counter: 1164.00 pulses/min
[08:47:57.153][S][sensor]: 'Fan Tacho' >> 1164.00 rpm
[08:48:02.060][D][pulse_counter:200]: 'Fan Tacho': Retrieved counter: 1152.00 pulses/min
[08:48:02.163][S][sensor]: 'Fan Tacho' >> 1152.00 rpm
[08:48:07.062][D][pulse_counter:200]: 'Fan Tacho': Retrieved counter: 1200.00 pulses/min
[08:48:07.153][S][sensor]: 'Fan Tacho' >> 1200.00 rpm
[08:48:12.054][D][pulse_counter:200]: 'Fan Tacho': Retrieved counter: 1164.00 pulses/min
[08:48:12.156][S][sensor]: 'Fan Tacho' >> 1164.00 rpm
[08:48:17.059][D][pulse_counter:200]: 'Fan Tacho': Retrieved counter: 1212.00 pulses/min
[08:48:17.169][S][sensor]: 'Fan Tacho' >> 1212.00 rpm
[08:48:17.500][I][air_quality:333]: state=BOOST speed=40 reason=cooldown (voc=99 co2=481 rh=59 nox=1)
[08:48:17.602][S][text_sensor]: 'Controller State' >> 'BOOST'
[08:48:17.602][S][text_sensor]: 'Last Decision Reason' >> 'cooldown'
[08:48:17.602][S][sensor]: 'Commanded Fan Speed' >> 40.0 %
[08:48:17.603][S][sensor]: 'SHT4x Temperature' >> 26.36 °C
[08:48:18.728][S][sensor]: 'WiFi Signal Percent' >> 68 %
[08:48:18.728][S][sensor]: 'WiFi Signal dB' >> -66 dBm
[08:48:19.517][S][sensor]: 'SCD4x Temperature' >> 23.45 °C
[08:48:19.517][S][sensor]: 'SCD4x Humidity' >> 67.16 %
[08:48:22.055][D][pulse_counter:200]: 'Fan Tacho': Retrieved counter: 1212.00 pulses/min
[08:48:22.160][S][sensor]: 'Fan Tacho' >> 1212.00 rpm
[08:48:27.054][D][pulse_counter:200]: 'Fan Tacho': Retrieved counter: 1140.00 pulses/min
[08:48:27.163][S][sensor]: 'Fan Tacho' >> 1140.00 rpm
[08:48:32.054][D][pulse_counter:200]: 'Fan Tacho': Retrieved counter: 1176.00 pulses/min
[08:48:32.159][S][sensor]: 'Fan Tacho' >> 1176.00 rpm
[08:48:37.058][D][pulse_counter:200]: 'Fan Tacho': Retrieved counter: 1188.00 pulses/min
[08:48:37.166][S][sensor]: 'Fan Tacho' >> 1188.00 rpm
[08:48:42.060][D][pulse_counter:200]: 'Fan Tacho': Retrieved counter: 1176.00 pulses/min
[08:48:42.189][S][sensor]: 'Fan Tacho' >> 1176.00 rpm
[08:48:47.054][D][pulse_counter:200]: 'Fan Tacho': Retrieved counter: 1200.00 pulses/min
[08:48:47.153][S][sensor]: 'Fan Tacho' >> 1200.00 rpm
[08:48:47.518][I][air_quality:333]: state=BOOST speed=40 reason=boost_active (voc=99 co2=481 rh=59 nox=1)
[08:48:47.612][S][sensor]: 'SHT4x Temperature' >> 26.38 °C
[08:48:47.613][S][text_sensor]: 'Controller State' >> 'BOOST'
[08:48:47.613][S][text_sensor]: 'Last Decision Reason' >> 'boost_active'
[08:48:47.613][S][sensor]: 'Commanded Fan Speed' >> 40.0 %
[08:48:48.737][S][sensor]: 'WiFi Signal Percent' >> 70 %
[08:48:48.737][S][sensor]: 'WiFi Signal dB' >> -65 dBm
[08:48:49.531][S][sensor]: 'SCD4x Temperature' >> 23.42 °C
[08:48:49.531][S][sensor]: 'SCD4x Humidity' >> 67.19 %
[08:48:52.054][D][pulse_counter:200]: 'Fan Tacho': Retrieved counter: 1164.00 pulses/min
[08:48:52.154][S][sensor]: 'Fan Tacho' >> 1164.00 rpm
[08:48:57.054][D][pulse_counter:200]: 'Fan Tacho': Retrieved counter: 1188.00 pulses/min
[08:48:57.153][S][sensor]: 'Fan Tacho' >> 1188.00 rpm
[08:49:02.059][D][pulse_counter:200]: 'Fan Tacho': Retrieved counter: 1140.00 pulses/min
[08:49:02.169][S][sensor]: 'Fan Tacho' >> 1140.00 rpm
[08:49:07.054][D][pulse_counter:200]: 'Fan Tacho': Retrieved counter: 1188.00 pulses/min
[08:49:07.154][S][sensor]: 'Fan Tacho' >> 1188.00 rpm
[08:49:12.058][D][pulse_counter:200]: 'Fan Tacho': Retrieved counter: 1188.00 pulses/min
[08:49:12.163][S][sensor]: 'Fan Tacho' >> 1188.00 rpm
[08:49:17.058][D][pulse_counter:200]: 'Fan Tacho': Retrieved counter: 1164.00 pulses/min
[08:49:17.160][S][sensor]: 'Fan Tacho' >> 1164.00 rpm
[08:49:17.628][S][sensor]: 'SHT4x Temperature' >> 26.36 °C
[08:49:18.727][S][sensor]: 'WiFi Signal Percent' >> 64 %
[08:49:18.727][S][sensor]: 'WiFi Signal dB' >> -68 dBm
[08:49:19.424][I][air_quality:333]: state=BOOST speed=40 reason=boost_active (voc=99 co2=459 rh=59 nox=1)
[08:49:19.528][S][text_sensor]: 'Controller State' >> 'BOOST'
[08:49:19.528][S][text_sensor]: 'Last Decision Reason' >> 'boost_active'
[08:49:19.528][S][sensor]: 'Commanded Fan Speed' >> 40.0 %
[08:49:19.528][S][sensor]: 'SCD4x Temperature' >> 23.44 °C
[08:49:19.528][S][sensor]: 'SCD4x Humidity' >> 67.18 %
[08:49:22.052][D][pulse_counter:200]: 'Fan Tacho': Retrieved counter: 1176.00 pulses/min
[08:49:22.160][S][sensor]: 'Fan Tacho' >> 1176.00 rpm
[08:49:27.054][D][pulse_counter:200]: 'Fan Tacho': Retrieved counter: 1188.00 pulses/min
[08:49:27.155][S][sensor]: 'Fan Tacho' >> 1188.00 rpm
[08:49:32.054][D][pulse_counter:200]: 'Fan Tacho': Retrieved counter: 1140.00 pulses/min
[08:49:32.153][S][sensor]: 'Fan Tacho' >> 1140.00 rpm
[08:49:37.055][D][pulse_counter:200]: 'Fan Tacho': Retrieved counter: 1200.00 pulses/min
[08:49:37.157][S][sensor]: 'Fan Tacho' >> 1200.00 rpm
[08:49:42.054][D][pulse_counter:200]: 'Fan Tacho': Retrieved counter: 1164.00 pulses/min
[08:49:42.155][S][sensor]: 'Fan Tacho' >> 1164.00 rpm
[08:49:47.054][D][pulse_counter:200]: 'Fan Tacho': Retrieved counter: 1212.00 pulses/min
[08:49:47.159][S][sensor]: 'Fan Tacho' >> 1212.00 rpm
[08:49:47.624][S][sensor]: 'SHT4x Temperature' >> 26.35 °C
[08:49:48.299][S][sensor]: 'SCD4x CO2' >> 459 ppm
[08:49:48.737][S][sensor]: 'WiFi Signal Percent' >> 68 %
[08:49:48.737][S][sensor]: 'WiFi Signal dB' >> -66 dBm
[08:49:49.512][S][sensor]: 'SCD4x Temperature' >> 23.45 °C
[08:49:49.512][S][sensor]: 'SCD4x Humidity' >> 67.29 %
[08:49:52.057][D][pulse_counter:200]: 'Fan Tacho': Retrieved counter: 1188.00 pulses/min
[08:49:52.158][S][sensor]: 'Fan Tacho' >> 1188.00 rpm
[08:49:57.054][D][pulse_counter:200]: 'Fan Tacho': Retrieved counter: 1200.00 pulses/min
[08:49:57.152][S][sensor]: 'Fan Tacho' >> 1200.00 rpm
[08:50:02.054][D][pulse_counter:200]: 'Fan Tacho': Retrieved counter: 1152.00 pulses/min
[08:50:02.153][S][sensor]: 'Fan Tacho' >> 1152.00 rpm