[08:32:57.157][S][sensor]: 'Fan Tacho' >> 444.00 rpm
[08:33:02.054][D][pulse_counter:200]: 'Fan Tacho': Retrieved counter: 432.00 pulses/min
[08:33:02.156][S][sensor]: 'Fan Tacho' >> 432.00 rpm
[08:33:07.054][D][pulse_counter:200]: 'Fan Tacho': Retrieved counter: 444.00 pulses/min
[08:33:07.153][S][sensor]: 'Fan Tacho' >> 444.00 rpm
[08:33:12.055][D][pulse_counter:200]: 'Fan Tacho': Retrieved counter: 444.00 pulses/min
[08:33:12.157][S][sensor]: 'Fan Tacho' >> 444.00 rpm
[08:33:17.067][D][pulse_counter:200]: 'Fan Tacho': Retrieved counter: 444.00 pulses/min
[08:33:17.175][S][sensor]: 'Fan Tacho' >> 444.00 rpm
[08:33:17.627][S][sensor]: 'SHT4x Temperature' >> 27.04 °C
[08:33:18.731][S][sensor]: 'WiFi Signal Percent' >> 70 %
[08:33:18.731][S][sensor]: 'WiFi Signal dB' >> -65 dBm
[08:33:19.521][S][sensor]: 'SCD4x Temperature' >> 24.26 °C
[08:33:19.521][S][sensor]: 'SCD4x Humidity' >> 61.35 %
[08:33:22.053][D][pulse_counter:200]: 'Fan Tacho': Retrieved counter: 432.00 pulses/min
[08:33:22.157][S][sensor]: 'Fan Tacho' >> 432.00 rpm
[08:33:27.054][D][pulse_counter:200]: 'Fan Tacho': Retrieved counter: 444.00 pulses/min
[08:33:27.160][S][sensor]: 'Fan Tacho' >> 444.00 rpm
[08:33:32.054][D][pulse_counter:200]: 'Fan Tacho': Retrieved counter: 456.00 pulses/min
[08:33:32.157][S][sensor]: 'Fan Tacho' >> 456.00 rpm
[08:33:37.054][D][pulse_counter:200]: 'Fan Tacho': Retrieved counter: 444.00 pulses/min
[08:33:37.174][S][sensor]: 'Fan Tacho' >> 444.00 rpm
[08:33:42.053][D][pulse_counter:200]: 'Fan Tacho': Retrieved counter: 432.00 pulses/min
[08:33:42.154][S][sensor]: 'Fan Tacho' >> 432.00 rpm
[08:33:47.059][D][pulse_counter:200]: 'Fan Tacho': Retrieved counter: 444.00 pulses/min
[08:33:47.156][S][sensor]: 'Fan Tacho' >> 444.00 rpm
[08:33:47.516][I][air_quality:333]: state=IDLE speed=15 reason=idle (voc=97 co2=490 rh=54 nox=1)
[08:33:47.615][S][sensor]: 'SHT4x Temperature' >> 27.02 °C
[08:33:47.615][S][text_sensor]: 'Controller State' >> 'IDLE'
[08:33:47.616][S][text_sensor]: 'Last Decision Reason' >> 'idle'
[08:33:47.616][S][sensor]: 'Commanded Fan Speed' >> 15.0 %
[08:33:48.738][S][sensor]: 'WiFi Signal Percent' >> 72 %
[08:33:48.738][S][sensor]: 'WiFi Signal dB' >> -64 dBm
[08:33:49.525][S][sensor]: 'SCD4x Temperature' >> 24.27 °C
[08:33:49.526][S][sensor]: 'SCD4x Humidity' >> 61.13 %
[08:33:52.065][D][pulse_counter:200]: 'Fan Tacho': Retrieved counter: 444.00 pulses/min
[08:33:52.167][S][sensor]: 'Fan Tacho' >> 444.00 rpm
[08:33:57.054][D][pulse_counter:200]: 'Fan Tacho': Retrieved counter: 444.00 pulses/min
[08:33:57.154][S][sensor]: 'Fan Tacho' >> 444.00 rpm
[08:34:02.061][D][pulse_counter:200]: 'Fan Tacho': Retrieved counter: 444.00 pulses/min
[08:34:02.153][S][sensor]: 'Fan Tacho' >> 444.00 rpm
[08:34:07.054][D][pulse_counter:200]: 'Fan Tacho': Retrieved counter: 432.00 pulses/min
[08:34:07.153][S][sensor]: 'Fan Tacho' >> 432.00 rpm
[08:34:12.054][D][pulse_counter:200]: 'Fan Tacho': Retrieved counter: 444.00 pulses/min
[08:34:12.153][S][sensor]: 'Fan Tacho' >> 444.00 rpm
[08:34:17.054][D][pulse_counter:200]: 'Fan Tacho': Retrieved counter: 456.00 pulses/min
[08:34:17.153][S][sensor]: 'Fan Tacho' >> 456.00 rpm
[08:34:17.501][I][air_quality:333]: state=IDLE speed=15 reason=cooldown (voc=97 co2=490 rh=54 nox=1)
[08:34:17.606][S][text_sensor]: 'Controller State' >> 'IDLE'
[08:34:17.606][S][text_sensor]: 'Last Decision Reason' >> 'cooldown'
[08:34:17.606][S][sensor]: 'Commanded Fan Speed' >> 15.0 %
[08:34:17.606][S][sensor]: 'SHT4x Temperature' >> 27.03 °C
[08:34:18.739][S][sensor]: 'WiFi Signal Percent' >> 70 %
[08:34:18.739][S][sensor]: 'WiFi Signal dB' >> -65 dBm
[08:34:19.418][I][air_quality:333]: state=IDLE speed=15 reason=idle (voc=97 co2=483 rh=54 nox=1)
[08:34:19.522][S][text_sensor]: 'Controller State' >> 'IDLE'
[08:34:19.522][S][text_sensor]: 'Last Decision Reason' >> 'idle'
[08:34:19.522][S][sensor]: 'Commanded Fan Speed' >> 15.0 %
[08:34:19.522][S][sensor]: 'SCD4x Temperature' >> 24.27 °C
[08:34:19.522][S][sensor]: 'SCD4x Humidity' >> 61.22 %
[08:34:22.054][D][pulse_counter:200]: 'Fan Tacho': Retrieved counter: 444.00 pulses/min
[08:34:22.160][S][sensor]: 'Fan Tacho' >> 444.00 rpm
[08:34:27.081][D][pulse_counter:200]: 'Fan Tacho': Retrieved counter: 444.00 pulses/min
[08:34:27.169][S][sensor]: 'Fan Tacho' >> 444.00 rpm
[08:34:32.054][D][pulse_counter:200]: 'Fan Tacho': Retrieved counter: 444.00 pulses/min
[08:34:32.155][S][sensor]: 'Fan Tacho' >> 444.00 rpm
[08:34:37.054][D][pulse_counter:200]: 'Fan Tacho': Retrieved counter: 444.00 pulses/min
[08:34:37.155][S][sensor]: 'Fan Tacho' >> 444.00 rpm
[08:34:42.054][D][pulse_counter:200]: 'Fan Tacho': Retrieved counter: 444.00 pulses/min
[08:34:42.156][S][sensor]: 'Fan Tacho' >> 444.00 rpm
[08:34:47.054][D][pulse_counter:200]: 'Fan Tacho': Retrieved counter: 432.00 pulses/min
[08:34:47.153][S][sensor]: 'Fan Tacho' >> 432.00 rpm
[08:34:47.641][S][sensor]: 'SHT4x Temperature' >> 27.09 °C
[08:34:48.731][S][sensor]: 'WiFi Signal Percent' >> 74 %
[08:34:48.732][S][sensor]: 'WiFi Signal dB' >> -63 dBm
[08:34:49.523][S][sensor]: 'SCD4x Temperature' >> 24.30 °C
[08:34:49.524][S][sensor]: 'SCD4x Humidity' >> 61.60 %
[08:34:52.054][D][pulse_counter:200]: 'Fan Tacho': Retrieved counter: 444.00 pulses/min
[08:34:52.154][S][sensor]: 'Fan Tacho' >> 444.00 rpm
[08:34:57.054][D][pulse_counter:200]: 'Fan Tacho': Retrieved counter: 444.00 pulses/min
[08:34:57.153][S][sensor]: 'Fan Tacho' >> 444.00 rpm
[08:35:02.061][D][pulse_counter:200]: 'Fan Tacho': Retrieved counter: 444.00 pulses/min
[08:35:02.167][S][sensor]: 'Fan Tacho' >> 444.00 rpm
[08:35:07.081][D][pulse_counter:200]: 'Fan Tacho': Retrieved counter: 444.00 pulses/min
[08:35:07.153][S][sensor]: 'Fan Tacho' >> 444.00 rpm
[08:35:12.058][D][pulse_counter:200]: 'Fan Tacho': Retrieved counter: 444.00 pulses/min
[08:35:12.154][S][sensor]: 'Fan Tacho' >> 444.00 rpm
[08:35:17.054][D][pulse_counter:200]: 'Fan Tacho': Retrieved counter: 432.00 pulses/min
[08:35:17.153][S][sensor]: 'Fan Tacho' >> 432.00 rpm
[08:35:17.621][S][sensor]: 'SHT4x Temperature' >> 27.14 °C
[08:35:18.742][S][sensor]: 'WiFi Signal Percent' >> 74 %
[08:35:18.742][S][sensor]: 'WiFi Signal dB' >> -63 dBm
[08:35:19.518][S][sensor]: 'SCD4x Temperature' >> 24.38 °C
[08:35:19.519][S][sensor]: 'SCD4x Humidity' >> 62.40 %
[08:35:20.230][I][air_quality:333]: state=IDLE speed=15 reason=idle (voc=102 co2=483 rh=54 nox=1)
[08:35:20.234][I][air_quality:333]: state=IDLE speed=15 reason=cooldown (voc=102 co2=483 rh=54 nox=1)
[08:35:20.340][S][text_sensor]: 'Controller State' >> 'IDLE'
[08:35:20.340][S][text_sensor]: 'Last Decision Reason' >> 'cooldown'
[08:35:20.340][S][sensor]: 'Commanded Fan Speed' >> 15.0 %
[08:35:20.697][S][sensor]: 'SGP4x VOC Index' >> 102 
[08:35:22.055][D][pulse_counter:200]: 'Fan Tacho': Retrieved counter: 468.00 pulses/min
[08:35:22.164][S][sensor]: 'Fan Tacho' >> 468.00 rpm
[08:35:27.054][D][pulse_counter:200]: 'Fan Tacho': Retrieved counter: 444.00 pulses/min
[08:35:27.153][S][sensor]: 'Fan Tacho' >> 444.00 rpm
[08:35:32.055][D][pulse_counter:200]: 'Fan Tacho': Retrieved counter: 468.00 pulses/min
[08:35:32.154][S][sensor]: 'Fan Tacho' >> 468.00 rpm
[08:35:37.060][D][pulse_counter:200]: 'Fan Tacho': Retrieved counter: 444.00 pulses/min
[08:35:37.163][S][sensor]: 'Fan Tacho' >> 444.00 rpm
[08:35:42.072][D][pulse_counter:200]: 'Fan Tacho': Retrieved counter: 444.00 pulses/min
[08:35:42.181][S][sensor]: 'Fan Tacho' >> 444.00 rpm
[08:35:47.054][D][pulse_counter:200]: 'Fan Tacho': Retrieved counter: 432.00 pulses/min
[08:35:47.153][S][sensor]: 'Fan Tacho' >> 432.00 rpm
[08:35:47.621][S][sensor]: 'SHT4x Temperature' >> 27.17 °C
[08:35:48.733][S][sensor]: 'WiFi Signal Percent' >> 72 %
[08:35:48.733][S][sensor]: 'WiFi Signal dB' >> -64 dBm
[08:35:49.517][S][sensor]: 'SCD4x Temperature' >> 24.40 °C
[08:35:49.517][S][sensor]: 'SCD4x Humidity' >> 63.57 %
[08:35:52.071][D][pulse_counter:200]: 'Fan Tacho': Retrieved counter: 444.00 pulses/min
[08:35:52.161][S][sensor]: 'Fan Tacho' >> 444.00 rpm
[08:35:57.054][D][pulse_counter:200]: 'Fan Tacho': Retrieved counter: 444.00 pulses/min
[08:35:57.157][S][sensor]: 'Fan Tacho' >> 444.00 rpm
[08:36:02.054][D][pulse_counter:200]: 'Fan Tacho': Retrieved counter: 444.00 pulses/min
[08:36:02.159][S][sensor]: 'Fan Tacho' >> 444.00 rpm
[08:36:07.057][D][pulse_counter:200]: 'Fan Tacho': Retrieved counter: 432.00 pulses/min
[08:36:07.154][S][sensor]: 'Fan Tacho' >> 432.00 rpm
[08:36:12.063][D][pulse_counter:200]: 'Fan Tacho': Retrieved counter: 444.00 pulses/min
[08:36:12.164][S][sensor]: 'Fan Tacho' >> 444.00 rpm
[08:36:17.072][D][pulse_counter:200]: 'Fan Tacho': Retrieved counter: 444.00 pulses/min
[08:36:17.153][S][sensor]: 'Fan Tacho' >> 444.00 rpm
[08:36:17.501][I][air_quality:333]: state=IDLE speed=15 reason=idle (voc=102 co2=483 rh=54 nox=1)
[08:36:17.511][I][air_quality:333]: state=IDLE speed=15 reason=cooldown (voc=102 co2=483 rh=57 nox=1)
[08:36:17.613][S][text_sensor]: 'Controller State' >> 'IDLE'
[08:36:17.613][S][text_sensor]: 'Last Decision Reason' >> 'cooldown'
[08:36:17.613][S][sensor]: 'Commanded Fan Speed' >> 15.0 %
[08:36:17.613][S][sensor]: 'SHT4x Temperature' >> 27.16 °C
[08:36:18.585][S][sensor]: 'SHT4x Humidity' >> 57.15 %
[08:36:18.725][S][sensor]: 'WiFi Signal Percent' >> 70 %
[08:36:18.725][S][sensor]: 'WiFi Signal dB' >> -65 dBm
[08:36:19.536][S][sensor]: 'SCD4x Temperature' >> 24.42 °C
[08:36:19.536][S][sensor]: 'SCD4x Humidity' >> 63.20 %
[08:36:22.088][D][wifi:2480]: Roam scan (-64 dBm, attempt 2/3)
[08:36:22.094][D][pulse_counter:200]: 'Fan Tacho': Retrieved counter: 432.00 pulses/min
[08:36:22.226][S][sensor]: 'Fan Tacho' >> 432.00 rpm
[08:36:27.054][D][pulse_counter:200]: 'Fan Tacho': Retrieved counter: 444.00 pulses/min
[08:36:27.162][S][sensor]: 'Fan Tacho' >> 444.00 rpm
[08:36:32.054][D][pulse_counter:200]: 'Fan Tacho': Retrieved counter: 456.00 pulses/min
[08:36:32.158][S][sensor]: 'Fan Tacho' >> 456.00 rpm
[08:36:37.054][D][pulse_counter:200]: 'Fan Tacho': Retrieved counter: 432.00 pulses/min
[08:36:37.155][S][sensor]: 'Fan Tacho' >> 432.00 rpm
[08:36:42.054][D][pulse_counter:200]: 'Fan Tacho': Retrieved counter: 444.00 pulses/min
[08:36:42.153][S][sensor]: 'Fan Tacho' >> 444.00 rpm
[08:36:47.058][D][pulse_counter:200]: 'Fan Tacho': Retrieved counter: 444.00 pulses/min
[08:36:47.166][S][sensor]: 'Fan Tacho' >> 444.00 rpm
[08:36:47.623][S][sensor]: 'SHT4x Temperature' >> 27.15 °C
[08:36:48.732][S][sensor]: 'WiFi Signal Percent' >> 72 %
[08:36:48.732][S][sensor]: 'WiFi Signal dB' >> -64 dBm
[08:36:49.414][I][air_quality:333]: state=BOOST speed=40 reason=boost_triggered (voc=102 co2=507 rh=57 nox=1)
[08:36:49.520][S][fan]: 'Fan' >> ON
[08:36:49.520][S][fan]:   Speed: 40
[08:36:49.520][S][text_sensor]: 'Controller State' >> 'BOOST'
[08:36:49.520][S][text_sensor]: 'Last Decision Reason' >> 'boost_triggered'
[08:36:49.520][S][sensor]: 'Commanded Fan Speed' >> 40.0 %
[08:36:49.520][S][sensor]: 'SCD4x Temperature' >> 24.37 °C
[08:36:49.520][S][sensor]: 'SCD4x Humidity' >> 61.95 %
[08:36:52.070][D][pulse_counter:200]: 'Fan Tacho': Retrieved counter: 576.00 pulses/min
[08:36:52.172][S][sensor]: 'Fan Tacho' >> 576.00 rpm
[08:36:57.054][D][pulse_counter:200]: 'Fan Tacho': Retrieved counter: 1152.00 pulses/min
[08:36:57.153][S][sensor]: 'Fan Tacho' >> 1152.00 rpm
[08:37:02.054][D][pulse_counter:200]: 'Fan Tacho': Retrieved counter: 1200.00 pulses/min
[08:37:02.155][S][sensor]: 'Fan Tacho' >> 1200.00 rpm
[08:37:07.054][D][pulse_counter:200]: 'Fan Tacho': Retrieved counter: 1176.00 pulses/min
[08:37:07.153][S][sensor]: 'Fan Tacho' >> 1176.00 rpm
[08:37:12.054][D][pulse_counter:200]: 'Fan Tacho': Retrieved counter: 1188.00 pulses/min
[08:37:12.152][S][sensor]: 'Fan Tacho' >> 1188.00 rpm
[08:37:17.066][D][pulse_counter:200]: 'Fan Tacho': Retrieved counter: 1176.00 pulses/min
[08:37:17.159][S][sensor]: 'Fan Tacho' >> 1176.00 rpm
[08:37:17.623][S][sensor]: 'SHT4x Temperature' >> 26.84 °C
[08:37:18.733][S][sensor]: 'WiFi Signal Percent' >> 70 %
[08:37:18.733][S][sensor]: 'WiFi Signal dB' >> -65 dBm
[08:37:19.524][S][sensor]: 'SCD4x Temperature' >> 24.09 °C
[08:37:19.524][S][sensor]: 'SCD4x Humidity' >> 63.95 %
[08:37:20.113][D][preferences:245]: Writing 3 items: 0 cached, 3 written, 0 failed
[08:37:22.054][D][pulse_counter:200]: 'Fan Tacho': Retrieved counter: 1188.00 pulses/min
[08:37:22.163][S][sensor]: 'Fan Tacho' >> 1188.00 rpm
[08:37:27.068][D][pulse_counter:200]: 'Fan Tacho': Retrieved counter: 1152.00 pulses/min
[08:37:27.171][S][sensor]: 'Fan Tacho' >> 1152.00 rpm
[08:37:32.056][D][pulse_counter:200]: 'Fan Tacho': Retrieved counter: 1176.00 pulses/min
[08:37:32.153][S][sensor]: 'Fan Tacho' >> 1176.00 rpm
[08:37:37.054][D][pulse_counter:200]: 'Fan Tacho': Retrieved counter: 1152.00 pulses/min
[08:37:37.155][S][sensor]: 'Fan Tacho' >> 1152.00 rpm
[08:37:42.054][D][pulse_counter:200]: 'Fan Tacho': Retrieved counter: 1200.00 pulses/min
[08:37:42.157][S][sensor]: 'Fan Tacho' >> 1200.00 rpm
[08:37:47.055][D][pulse_counter:200]: 'Fan Tacho': Retrieved counter: 1152.00 pulses/min
[08:37:47.153][S][sensor]: 'Fan Tacho' >> 1152.00 rpm
[08:37:47.637][S][sensor]: 'SHT4x Temperature' >> 26.83 °C
[08:37:48.729][S][sensor]: 'WiFi Signal Percent' >> 72 %
[08:37:48.730][S][sensor]: 'WiFi Signal dB' >> -64 dBm
[08:37:49.520][S][sensor]: 'SCD4x Temperature' >> 23.96 °C
[08:37:49.520][S][sensor]: 'SCD4x Humidity' >> 66.55 %
[08:37:50.230][I][air_quality:333]: state=BOOST speed=40 reason=boost_active (voc=96 co2=507 rh=57 nox=1)
[08:37:50.235][I][air_quality:333]: state=BOOST speed=40 reason=cooldown (voc=96 co2=507 rh=57 nox=1)
[08:37:50.337][S][text_sensor]: 'Controller State' >> 'BOOST'
[08:37:50.337][S][text_sensor]: 'Last Decision Reason' >> 'cooldown'
[08:37:50.337][S][sensor]: 'Commanded Fan Speed' >> 40.0 %
[08:37:50.707][S][sensor]: 'SGP4x VOC Index' >> 96 
[08:37:52.054][D][pulse_counter:200]: 'Fan Tacho': Retrieved counter: 1200.00 pulses/min
[08:37:52.155][S][sensor]: 'Fan Tacho' >> 1200.00 rpm
[08:37:57.055][D][pulse_counter:200]: 'Fan Tacho': Retrieved counter: 1188.00 pulses/min
[08:37:57.155][S][sensor]: 'Fan Tacho' >> 1188.00 rpm
[08:38:02.066][D][pulse_counter:200]: 'Fan Tacho': Retrieved counter: 1176.00 pulses/min
[08:38:02.167][S][sensor]: 'Fan Tacho' >> 1176.00 rpm
[08:38:07.055][D][pulse_counter:200]: 'Fan Tacho': Retrieved counter: 1176.00 pulses/min
[08:38:07.158][S][sensor]: 'Fan Tacho' >> 1176.00 rpm
[08:38:12.055][D][pulse_counter:200]: 'Fan Tacho': Retrieved counter: 1188.00 pulses/min
[08:38:12.153][S][sensor]: 'Fan Tacho' >> 1188.00 rpm
[08:38:17.054][D][pulse_counter:200]: 'Fan Tacho': Retrieved counter: 1164.00 pulses/min
[08:38:17.153][S][sensor]: 'Fan Tacho' >> 1164.00 rpm
[08:38:17.523][I][air_quality:333]: state=BOOST speed=40 reason=cooldown (voc=96 co2=507 rh=57 nox=1)
[08:38:17.626][S][text_sensor]: 'Controller State' >> 'BOOST'
[08:38:17.626][S][text_sensor]: 'Last Decision Reason' >> 'cooldown'
[08:38:17.626][S][sensor]: 'Commanded Fan Speed' >> 40.0 %
[08:38:17.626][S][sensor]: 'SHT4x Temperature' >> 26.75 °C
[08:38:18.746][S][sensor]: 'WiFi Signal Percent' >> 72 %
[08:38:18.746][S][sensor]: 'WiFi Signal dB' >> -64 dBm
[08:38:19.518][S][sensor]: 'SCD4x Temperature' >> 23.87 °C
[08:38:19.518][S][sensor]: 'SCD4x Humidity' >> 67.58 %
[08:38:22.053][D][pulse_counter:200]: 'Fan Tacho': Retrieved counter: 1152.00 pulses/min
[08:38:22.155][S][sensor]: 'Fan Tacho' >> 1152.00 rpm
[08:38:27.054][D][pulse_counter:200]: 'Fan Tacho': Retrieved counter: 1188.00 pulses/min
[08:38:27.158][S][sensor]: 'Fan Tacho' >> 1188.00 rpm
[08:38:32.057][D][pulse_counter:200]: 'Fan Tacho': Retrieved counter: 1176.00 pulses/min
[08:38:32.165][S][sensor]: 'Fan Tacho' >> 1176.00 rpm
[08:38:37.064][D][pulse_counter:200]: 'Fan Tacho': Retrieved counter: 1152.00 pulses/min
[08:38:37.166][S][sensor]: 'Fan Tacho' >> 1152.00 rpm
[08:38:42.054][D][pulse_counter:200]: 'Fan Tacho': Retrieved counter: 1164.00 pulses/min
[08:38:42.153][S][sensor]: 'Fan Tacho' >> 1164.00 rpm
[08:38:47.056][D][pulse_counter:200]: 'Fan Tacho': Retrieved counter: 1164.00 pulses/min
[08:38:47.154][S][sensor]: 'Fan Tacho' >> 1164.00 rpm
[08:38:47.512][I][air_quality:333]: state=BOOST speed=40 reason=boost_active (voc=96 co2=507 rh=61 nox=1)
[08:38:47.622][S][sensor]: 'SHT4x Temperature' >> 26.66 °C
[08:38:47.622][S][text_sensor]: 'Controller State' >> 'BOOST'
[08:38:47.622][S][text_sensor]: 'Last Decision Reason' >> 'boost_active'
[08:38:47.622][S][sensor]: 'Commanded Fan Speed' >> 40.0 %
[08:38:48.570][S][sensor]: 'SHT4x Humidity' >> 61.18 %
[08:38:48.734][S][sensor]: 'WiFi Signal Percent' >> 70 %
[08:38:48.734][S][sensor]: 'WiFi Signal dB' >> -65 dBm
[08:38:49.524][S][sensor]: 'SCD4x Temperature' >> 23.83 °C
[08:38:49.524][S][sensor]: 'SCD4x Humidity' >> 67.82 %
[08:38:52.054][D][pulse_counter:200]: 'Fan Tacho': Retrieved counter: 1152.00 pulses/min
[08:38:52.154][S][sensor]: 'Fan Tacho' >> 1152.00 rpm
[08:38:57.054][D][pulse_counter:200]: 'Fan Tacho': Retrieved counter: 1188.00 pulses/min
[08:38:57.153][S][sensor]: 'Fan Tacho' >> 1188.00 rpm
[08:39:02.054][D][pulse_counter:200]: 'Fan Tacho': Retrieved counter: 1200.00 pulses/min
[08:39:02.153][S][sensor]: 'Fan Tacho' >> 1200.00 rpm
[08:39:07.054][D][pulse_counter:200]: 'Fan Tacho': Retrieved counter: 1152.00 pulses/min
[08:39:07.154][S][sensor]: 'Fan Tacho' >> 1152.00 rpm
[08:39:12.062][D][pulse_counter:200]: 'Fan Tacho': Retrieved counter: 1200.00 pulses/min
[08:39:12.164][S][sensor]: 'Fan Tacho' >> 1200.00 rpm
[08:39:17.086][D][pulse_counter:200]: 'Fan Tacho': Retrieved counter: 1188.00 pulses/min
[08:39:17.153][S][sensor]: 'Fan Tacho' >> 1188.00 rpm
[08:39:17.621][S][sensor]: 'SHT4x Temperature' >> 26.58 °C
[08:39:18.729][S][sensor]: 'WiFi Signal Percent' >> 70 %
[08:39:18.730][S][sensor]: 'WiFi Signal dB' >> -65 dBm
[08:39:19.438][I][air_quality:333]: state=BOOST speed=40 reason=boost_active (voc=96 co2=518 rh=61 nox=1)
[08:39:19.534][S][text_sensor]: 'Controller State' >> 'BOOST'
[08:39:19.534][S][text_sensor]: 'Last Decision Reason' >> 'boost_active'
[08:39:19.534][S][sensor]: 'Commanded Fan Speed' >> 40.0 %
[08:39:19.534][S][sensor]: 'SCD4x Temperature' >> 23.74 °C
[08:39:19.534][S][sensor]: 'SCD4x Humidity' >> 67.61 %
[08:39:22.054][D][pulse_counter:200]: 'Fan Tacho': Retrieved counter: 1176.00 pulses/min
[08:39:22.157][S][sensor]: 'Fan Tacho' >> 1176.00 rpm
[08:39:27.054][D][pulse_counter:200]: 'Fan Tacho': Retrieved counter: 1188.00 pulses/min
[08:39:27.155][S][sensor]: 'Fan Tacho' >> 1188.00 rpm
[08:39:32.058][D][pulse_counter:200]: 'Fan Tacho': Retrieved counter: 1164.00 pulses/min
[08:39:32.153][S][sensor]: 'Fan Tacho' >> 1164.00 rpm
[08:39:37.054][D][pulse_counter:200]: 'Fan Tacho': Retrieved counter: 1164.00 pulses/min
[08:39:37.153][S][sensor]: 'Fan Tacho' >> 1164.00 rpm
[08:39:42.054][D][pulse_counter:200]: 'Fan Tacho': Retrieved counter: 1164.00 pulses/min
[08:39:42.155][S][sensor]: 'Fan Tacho' >> 1164.00 rpm
[08:39:47.060][D][pulse_counter:200]: 'Fan Tacho': Retrieved counter: 1236.00 pulses/min
[08:39:47.163][S][sensor]: 'Fan Tacho' >> 1236.00 rpm
[08:39:47.623][S][sensor]: 'SHT4x Temperature' >> 26.53 °C
[08:39:48.299][S][sensor]: 'SCD4x CO2' >> 518 ppm
[08:39:48.741][S][sensor]: 'WiFi Signal Percent' >> 76 %
[08:39:48.741][S][sensor]: 'WiFi Signal dB' >> -62 dBm
[08:39:49.527][S][sensor]: 'SCD4x Temperature' >> 23.67 °C
[08:39:49.528][S][sensor]: 'SCD4x Humidity' >> 67.48 %
[08:39:52.054][D][pulse_counter:200]: 'Fan Tacho': Retrieved counter: 1140.00 pulses/min
[08:39:52.153][S][sensor]: 'Fan Tacho' >> 1140.00 rpm
[08:39:57.056][D][pulse_counter:200]: 'Fan Tacho': Retrieved counter: 1164.00 pulses/min
[08:39:57.153][S][sensor]: 'Fan Tacho' >> 1164.00 rpm
[08:40:02.054][D][pulse_counter:200]: 'Fan Tacho': Retrieved counter: 1164.00 pulses/min
[08:40:02.154][S][sensor]: 'Fan Tacho' >> 1164.00 rpm
[08:40:07.054][D][pulse_counter:200]: 'Fan Tacho': Retrieved counter: 1188.00 pulses/min
[08:40:07.153][S][sensor]: 'Fan Tacho' >> 1188.00 rpm
[08:40:12.054][D][pulse_counter:200]: 'Fan Tacho': Retrieved counter: 1176.00 pulses/min
[08:40:12.153][S][sensor]: 'Fan Tacho' >> 1176.00 rpm
[08:40:17.054][D][pulse_counter:200]: 'Fan Tacho': Retrieved counter: 1188.00 pulses/min
[08:40:17.153][S][sensor]: 'Fan Tacho' >> 1188.00 rpm
[08:40:17.501][I][air_quality:333]: state=BOOST speed=40 reason=boost_active (voc=96 co2=518 rh=61 nox=1)
[08:40:17.606][S][text_sensor]: 'Controller State' >> 'BOOST'
[08:40:17.606][S][text_sensor]: 'Last Decision Reason' >> 'boost_active'
[08:40:17.606][S][sensor]: 'Commanded Fan Speed' >> 40.0 %
[08:40:17.606][S][sensor]: 'SHT4x Temperature' >> 26.51 °C
[08:40:18.730][S][sensor]: 'WiFi Signal Percent' >> 68 %
[08:40:18.731][S][sensor]: 'WiFi Signal dB' >> -66 dBm
[08:40:19.519][S][sensor]: 'SCD4x Temperature' >> 23.60 °C
[08:40:19.520][S][sensor]: 'SCD4x Humidity' >> 67.45 %
[08:40:20.229][I][air_quality:333]: state=BOOST speed=40 reason=cooldown (voc=91 co2=518 rh=61 nox=1)
[08:40:20.237][I][air_quality:333]: state=BOOST speed=40 reason=cooldown (voc=91 co2=518 rh=61 nox=1)
[08:40:20.340][S][text_sensor]: 'Controller State' >> 'BOOST'
[08:40:20.340][S][text_sensor]: 'Last Decision Reason' >> 'cooldown'
[08:40:20.340][S][sensor]: 'Commanded Fan Speed' >> 40.0 %
[08:40:20.696][S][sensor]: 'SGP4x VOC Index' >> 91 
[08:40:22.058][D][pulse_counter:200]: 'Fan Tacho': Retrieved counter: 1176.00 pulses/min
[08:40:22.167][S][sensor]: 'Fan Tacho' >> 1176.00 rpm
[08:40:27.074][D][pulse_counter:200]: 'Fan Tacho': Retrieved counter: 1188.00 pulses/min
[08:40:27.176][S][sensor]: 'Fan Tacho' >> 1188.00 rpm
[08:40:32.056][D][pulse_counter:200]: 'Fan Tacho': Retrieved counter: 1212.00 pulses/min
[08:40:32.159][S][sensor]: 'Fan Tacho' >> 1212.00 rpm
[08:40:37.054][D][pulse_counter:200]: 'Fan Tacho': Retrieved counter: 1176.00 pulses/min
[08:40:37.155][S][sensor]: 'Fan Tacho' >> 1176.00 rpm
[08:40:42.054][D][pulse_counter:200]: 'Fan Tacho': Retrieved counter: 1164.00 pulses/min
[08:40:42.153][S][sensor]: 'Fan Tacho' >> 1164.00 rpm
[08:40:47.054][D][pulse_counter:200]: 'Fan Tacho': Retrieved counter: 1164.00 pulses/min
[08:40:47.153][S][sensor]: 'Fan Tacho' >> 1164.00 rpm
[08:40:47.621][S][sensor]: 'SHT4x Temperature' >> 26.53 °C
[08:40:48.729][S][sensor]: 'WiFi Signal Percent' >> 62 %
[08:40:48.729][S][sensor]: 'WiFi Signal dB' >> -69 dBm
[08:40:49.517][S][sensor]: 'SCD4x Temperature' >> 23.61 °C
[08:40:49.517][S][sensor]: 'SCD4x Humidity' >> 67.47 %
[08:40:52.054][D][pulse_counter:200]: 'Fan Tacho': Retrieved counter: 1176.00 pulses/min
[08:40:52.161][S][sensor]: 'Fan Tacho' >> 1176.00 rpm
[08:40:57.058][D][pulse_counter:200]: 'Fan Tacho': Retrieved counter: 1200.00 pulses/min
[08:40:57.160][S][sensor]: 'Fan Tacho' >> 1200.00 rpm
[08:41:02.075][D][pulse_counter:200]: 'Fan Tacho': Retrieved counter: 1164.00 pulses/min
[08:41:02.176][S][sensor]: 'Fan Tacho' >> 1164.00 rpm
[08:41:07.054][D][pulse_counter:200]: 'Fan Tacho': Retrieved counter: 1152.00 pulses/min
[08:41:07.153][S][sensor]: 'Fan Tacho' >> 1152.00 rpm
[08:41:12.054][D][pulse_counter:200]: 'Fan Tacho': Retrieved counter: 1176.00 pulses/min
[08:41:12.154][S][sensor]: 'Fan Tacho' >> 1176.00 rpm
[08:41:17.054][D][pulse_counter:200]: 'Fan Tacho': Retrieved counter: 1140.00 pulses/min
[08:41:17.153][S][sensor]: 'Fan Tacho' >> 1140.00 rpm
[08:41:17.523][I][air_quality:333]: state=BOOST speed=40 reason=boost_active (voc=91 co2=518 rh=60 nox=1)
[08:41:17.629][S][sensor]: 'SHT4x Temperature' >> 26.50 °C
[08:41:17.629][S][text_sensor]: 'Controller State' >> 'BOOST'
[08:41:17.629][S][text_sensor]: 'Last Decision Reason' >> 'boost_active'
[08:41:17.629][S][sensor]: 'Commanded Fan Speed' >> 40.0 %
[08:41:18.583][S][sensor]: 'SHT4x Humidity' >> 59.65 %
[08:41:18.741][S][sensor]: 'WiFi Signal Percent' >> 68 %
[08:41:18.741][S][sensor]: 'WiFi Signal dB' >> -66 dBm
[08:41:19.519][S][sensor]: 'SCD4x Temperature' >> 23.59 °C
[08:41:19.519][S][sensor]: 'SCD4x Humidity' >> 67.53 %
[08:41:22.099][D][wifi:2480]: Roam scan (-68 dBm, attempt 3/3)
[08:41:22.104][D][pulse_counter:200]: 'Fan Tacho': Retrieved counter: 1188.00 pulses/min
[08:41:22.234][S][sensor]: 'Fan Tacho' >> 1188.00 rpm
[08:41:22.253][D][sntp:099]: Synchronized time: 2026-08-05 08:41:22
[08:41:27.066][D][pulse_counter:200]: 'Fan Tacho': Retrieved counter: 1188.00 pulses/min
[08:41:27.164][S][sensor]: 'Fan Tacho' >> 1188.00 rpm
[08:41:32.054][D][pulse_counter:200]: 'Fan Tacho': Retrieved counter: 1164.00 pulses/min