INFO ESPHome 2026.7.3
INFO Loaded validated config cache for orcon.yaml, skipping validation.
INFO Starting log output from 192.168.1.104 using esphome API
INFO Successfully resolved orcon @ 192.168.1.104 in 0.000s
INFO Successfully connected to orcon @ 192.168.1.104 in 5.213s
INFO Successful handshake with orcon @ 192.168.1.104 in 0.108s
[08:26:22.664][I][app:151]: ESPHome version 2026.7.3 compiled on 2026-08-05 08:24:53 +0200
[08:26:22.664][I][app:153]: Project arjan.orcon-controller version 2.0.0
[08:26:22.664][I][app:158]: ESP32 Chip: ESP32 rev3.1, 2 core(s)
[08:26:22.664][W][app:171]: Chip rev >= 3.0 detected. Set minimum_chip_revision: "3.1" under esp32 > framework > advanced to reduce binary size
[08:26:22.667][W][app:198]: Bootloader supports SRAM1 as IRAM (+40KB). Set sram1_as_iram: true under esp32 > framework > advanced
[08:26:22.667][C][logger:223]: Logger:
[08:26:22.667][C][logger:223]:   Max Level: DEBUG
[08:26:22.667][C][logger:223]:   Initial Level: DEBUG
[08:26:22.680][C][logger:230]:   Log Baud Rate: 115200
[08:26:22.680][C][logger:230]:   Hardware UART: UART0
[08:26:22.680][C][logger:239]:   Task Log Buffer Size: 768 bytes
[08:26:22.717][C][i2c.idf:092]: I2C Bus:
[08:26:22.717][C][i2c.idf:093]:   SDA Pin: GPIO19
[08:26:22.717][C][i2c.idf:093]:   SCL Pin: GPIO18
[08:26:22.717][C][i2c.idf:093]:   Frequency: 400000 Hz
[08:26:22.717][C][i2c.idf:103]:   Recovery: bus successfully recovered
[08:26:22.732][C][i2c.idf:092]: I2C Bus:
[08:26:22.752][C][i2c.idf:093]:   SDA Pin: GPIO16
[08:26:22.752][C][i2c.idf:093]:   SCL Pin: GPIO4
[08:26:22.752][C][i2c.idf:093]:   Frequency: 400000 Hz
[08:26:22.752][C][i2c.idf:103]:   Recovery: bus successfully recovered
[08:26:22.752][C][uart.idf:254]: UART Bus 1:
[08:26:22.756][C][uart.idf:131]:   TX Pin: GPIO12
[08:26:22.760][C][uart.idf:131]:   RX Pin: GPIO13
[08:26:22.760][C][uart.idf:259]:   RX Buffer Size: 256
[08:26:22.760][C][uart.idf:259]:   RX Full Threshold: 8
[08:26:22.760][C][uart.idf:259]:   RX Timeout: 2
[08:26:22.760][C][uart.idf:268]:   Baud Rate: 9600 baud
[08:26:22.760][C][uart.idf:268]:   Data Bits: 8
[08:26:22.760][C][uart.idf:268]:   Parity: NONE
[08:26:22.760][C][uart.idf:268]:   Stop bits: 1
[08:26:22.760][C][uart.idf:268]:   Wake on data RX: ENABLED
[08:26:22.779][C][uart.idf:254]: UART Bus 2:
[08:26:22.783][C][uart.idf:131]:   TX Pin: GPIO26
[08:26:22.783][C][uart.idf:131]:   RX Pin: GPIO25
[08:26:22.783][C][uart.idf:259]:   RX Buffer Size: 256
[08:26:22.783][C][uart.idf:259]:   RX Full Threshold: 8
[08:26:22.783][C][uart.idf:259]:   RX Timeout: 2
[08:26:22.786][C][uart.idf:268]:   Baud Rate: 9600 baud
[08:26:22.786][C][uart.idf:268]:   Data Bits: 8
[08:26:22.786][C][uart.idf:268]:   Parity: NONE
[08:26:22.786][C][uart.idf:268]:   Stop bits: 1
[08:26:22.786][C][uart.idf:268]:   Wake on data RX: ENABLED
[08:26:22.825][C][status_led:022]: Status LED:
[08:26:22.825][C][status_led:131]:   Pin: GPIO33
[08:26:22.825][C][template.select:010]: Template Select 'Manual Control'
[08:26:22.829][C][template.select:216]:   Icon: 'mdi:fan'
[08:26:22.829][C][template.select:014]:   Optimistic: YES
[08:26:22.829][C][template.select:014]:   Initial Option: AUTO
[08:26:22.829][C][template.select:014]:   Restore Value: YES
[08:26:22.844][C][template.text_sensor:016]: Template Sensor 'Controller State'
[08:26:22.844][C][template.text_sensor:216]:   Icon: 'mdi:state-machine'
[08:26:22.863][C][template.text_sensor:016]: Template Sensor 'Last Decision Reason'
[08:26:22.883][C][template.text_sensor:216]:   Icon: 'mdi:text-box-outline'
[08:26:22.883][C][template.binary_sensor:016]: Template Binary Sensor 'Problem'
[08:26:22.883][C][template.binary_sensor:225]:   Device Class: 'problem'
[08:26:22.903][C][template.binary_sensor:016]: Template Binary Sensor 'Time Valid'
[08:26:22.944][C][template.binary_sensor:016]: Template Binary Sensor 'Sensor Disagreement'
[08:26:22.944][C][template.binary_sensor:225]:   Device Class: 'problem'
[08:26:22.944][C][template.sensor:017]: Template Sensor 'Commanded Fan Speed'
[08:26:22.944][C][template.sensor:017]:   State Class: ''
[08:26:22.944][C][template.sensor:017]:   Unit of Measurement: '%'
[08:26:22.944][C][template.sensor:017]:   Accuracy Decimals: 1
[08:26:22.947][C][template.sensor:216]:   Icon: 'mdi:fan-chevron-up'
[08:26:22.947][C][template.sensor:394]:   Update Interval: 60.0s
[08:26:22.965][C][ledc.output:217]: Output:
[08:26:22.965][C][ledc.output:217]:   Channel: 0
[08:26:22.965][C][ledc.output:217]:   PWM Frequency: 1000.0 Hz
[08:26:22.965][C][ledc.output:217]:   Phase angle: 0.0°
[08:26:22.965][C][ledc.output:217]:   Bit depth: 16
[08:26:22.965][C][ledc.output:131]:   Pin GPIO15
[08:26:23.032][C][homeassistant.time:009]: Home Assistant Time
[08:26:23.036][C][time:049]: Timezone: UTC+1:00 (DST UTC+2:00)
[08:26:23.039][C][time:055]: Current time: 2026-08-05 08:26:23
[08:26:23.059][C][pulse_counter:017]: Pulse Counter 'Fan Tacho'
[08:26:23.059][C][pulse_counter:017]:   State Class: 'measurement'
[08:26:23.059][C][pulse_counter:017]:   Unit of Measurement: 'rpm'
[08:26:23.059][C][pulse_counter:017]:   Accuracy Decimals: 2
[08:26:23.062][C][pulse_counter:216]:   Icon: 'mdi:pulse'
[08:26:23.068][C][pulse_counter:131]:   Pin: GPIO14
[08:26:23.072][C][pulse_counter:185]:   Rising Edge: INCREMENT
[08:26:23.072][C][pulse_counter:185]:   Falling Edge: DISABLE
[08:26:23.072][C][pulse_counter:185]:   Filtering pulses shorter than 13 µs
[08:26:23.072][C][pulse_counter:394]:   Update Interval: 5.0s
[08:26:23.090][C][copy.sensor:017]: Copy Sensor 'WiFi Signal Percent'
[08:26:23.090][C][copy.sensor:017]:   State Class: 'measurement'
[08:26:23.090][C][copy.sensor:017]:   Unit of Measurement: '%'
[08:26:23.090][C][copy.sensor:017]:   Accuracy Decimals: 0
[08:26:23.093][C][copy.sensor:225]:   Device Class: 'signal_strength'
[08:26:23.125][C][sht4x:067]: SHT4x:
[08:26:23.125][C][sht4x:067]:   Serial number: 0d01a51c
[08:26:23.128][C][sht4x:072]:   Address: 0x44
[08:26:23.134][C][copy.sensor:017]: Copy Sensor 'SHT4x Humidity'
[08:26:23.134][C][copy.sensor:017]:   State Class: 'measurement'
[08:26:23.134][C][copy.sensor:017]:   Unit of Measurement: '%'
[08:26:23.134][C][copy.sensor:017]:   Accuracy Decimals: 2
[08:26:23.137][C][copy.sensor:225]:   Device Class: 'humidity'
[08:26:23.140][C][copy.sensor:216]:   Icon: 'mdi:water-percent'
[08:26:23.163][C][sgp4x:254]: SGP4x:
[08:26:23.167][C][sgp4x:255]:   Address: 0x59
[08:26:23.167][C][sgp4x:256]:   Store baseline: YES
[08:26:23.167][C][sgp4x:274]:   Type: SGP41
[08:26:23.167][C][sgp4x:274]:   Serial number: 92743817
[08:26:23.167][C][sgp4x:274]:   Minimum Samples: 45.000000
[08:26:23.167][C][sgp4x:394]:   Update Interval: 30.0s
[08:26:23.176][C][sgp4x:282]:   Compensation:
[08:26:23.176][C][sgp4x:017]:     Temperature Source: 'SHT4x Temperature'
[08:26:23.176][C][sgp4x:017]:       State Class: 'measurement'
[08:26:23.176][C][sgp4x:017]:       Unit of Measurement: '°C'
[08:26:23.176][C][sgp4x:017]:       Accuracy Decimals: 2
[08:26:23.176][C][sgp4x:225]:       Device Class: 'temperature'
[08:26:23.176][C][sgp4x:216]:       Icon: 'mdi:thermometer'
[08:26:23.183][C][sgp4x:017]:     Humidity Source: 'sht4x_air_humidity'
[08:26:23.183][C][sgp4x:017]:       State Class: 'measurement'
[08:26:23.183][C][sgp4x:017]:       Unit of Measurement: '%'
[08:26:23.183][C][sgp4x:017]:       Accuracy Decimals: 2
[08:26:23.194][C][sgp4x:225]:       Device Class: 'humidity'
[08:26:23.231][C][sgp4x:216]:       Icon: 'mdi:water-percent'
[08:26:23.231][C][sgp4x:017]:   VOC 'sgp4x_voc_index'
[08:26:23.231][C][sgp4x:017]:     State Class: 'measurement'
[08:26:23.231][C][sgp4x:017]:     Unit of Measurement: ''
[08:26:23.231][C][sgp4x:017]:     Accuracy Decimals: 0
[08:26:23.237][C][sgp4x:225]:     Device Class: 'volatile_organic_compounds'
[08:26:23.237][C][sgp4x:216]:     Icon: 'mdi:radiator'
[08:26:23.237][C][sgp4x:017]:   NOx 'sgp4x_nox_index'
[08:26:23.237][C][sgp4x:017]:     State Class: 'measurement'
[08:26:23.237][C][sgp4x:017]:     Unit of Measurement: ''
[08:26:23.237][C][sgp4x:017]:     Accuracy Decimals: 0
[08:26:23.247][C][sgp4x:225]:     Device Class: 'nitrous_oxide'
[08:26:23.250][C][sgp4x:216]:     Icon: 'mdi:radiator'
[08:26:23.270][C][copy.sensor:017]: Copy Sensor 'SGP4x VOC Index'
[08:26:23.270][C][copy.sensor:017]:   State Class: 'measurement'
[08:26:23.270][C][copy.sensor:017]:   Unit of Measurement: ''
[08:26:23.270][C][copy.sensor:017]:   Accuracy Decimals: 0
[08:26:23.277][C][copy.sensor:225]:   Device Class: 'volatile_organic_compounds'
[08:26:23.284][C][copy.sensor:216]:   Icon: 'mdi:radiator'
[08:26:23.293][C][copy.sensor:017]: Copy Sensor 'SGP4x NOx Index'
[08:26:23.293][C][copy.sensor:017]:   State Class: 'measurement'
[08:26:23.293][C][copy.sensor:017]:   Unit of Measurement: ''
[08:26:23.293][C][copy.sensor:017]:   Accuracy Decimals: 0
[08:26:23.304][C][copy.sensor:225]:   Device Class: 'nitrous_oxide'
[08:26:23.307][C][copy.sensor:216]:   Icon: 'mdi:radiator'
[08:26:23.312][C][scd4x:111]: SCD4X:
[08:26:23.330][C][scd4x:112]:   Address: 0x62
[08:26:23.330][C][scd4x:129]:   Automatic self calibration: ON
[08:26:23.330][C][scd4x:129]:   Measurement mode: Periodic (5s)
[08:26:23.330][C][scd4x:129]:   Temperature offset: 4.00 °C
[08:26:23.330][C][scd4x:144]:   Ambient pressure compensation disabled
[08:26:23.330][C][scd4x:144]:   Altitude compensation: 0m
[08:26:23.330][C][scd4x:394]:   Update Interval: 30.0s
[08:26:23.333][C][scd4x:017]:   CO2 'scd4x_co2'
[08:26:23.333][C][scd4x:017]:     State Class: 'measurement'
[08:26:23.333][C][scd4x:017]:     Unit of Measurement: 'ppm'
[08:26:23.333][C][scd4x:017]:     Accuracy Decimals: 0
[08:26:23.338][C][scd4x:225]:     Device Class: 'carbon_dioxide'
[08:26:23.342][C][scd4x:216]:     Icon: 'mdi:molecule-co2'
[08:26:23.349][C][scd4x:017]:   Temperature 'SCD4x Temperature'
[08:26:23.349][C][scd4x:017]:     State Class: 'measurement'
[08:26:23.349][C][scd4x:017]:     Unit of Measurement: '°C'
[08:26:23.349][C][scd4x:017]:     Accuracy Decimals: 2
[08:26:23.355][C][scd4x:225]:     Device Class: 'temperature'
[08:26:23.361][C][scd4x:216]:     Icon: 'mdi:thermometer'
[08:26:23.374][C][scd4x:017]:   Humidity 'SCD4x Humidity'
[08:26:23.374][C][scd4x:017]:     State Class: 'measurement'
[08:26:23.374][C][scd4x:017]:     Unit of Measurement: '%'
[08:26:23.374][C][scd4x:017]:     Accuracy Decimals: 2
[08:26:23.375][C][scd4x:225]:     Device Class: 'humidity'
[08:26:23.383][C][scd4x:216]:     Icon: 'mdi:water-percent'
[08:26:23.388][D][sgp4x:158]: Stabilizing (7/90); VOC index: 0
[08:26:23.414][C][copy.sensor:017]: Copy Sensor 'SCD4x CO2'
[08:26:23.414][C][copy.sensor:017]:   State Class: 'measurement'
[08:26:23.414][C][copy.sensor:017]:   Unit of Measurement: 'ppm'
[08:26:23.414][C][copy.sensor:017]:   Accuracy Decimals: 0
[08:26:23.414][C][copy.sensor:225]:   Device Class: 'carbon_dioxide'
[08:26:23.435][C][copy.sensor:216]:   Icon: 'mdi:molecule-co2'
[08:26:23.450][C][speed.fan:019]: Speed Fan 'Fan'
[08:26:23.456][C][speed.fan:329]:   Speed: YES
[08:26:23.456][C][speed.fan:329]:   Speed count: 100
[08:26:23.554][C][captive_portal:141]: Captive Portal:
[08:26:23.571][C][wifi:1556]: WiFi:
[08:26:23.571][C][wifi:1556]:   Local MAC: 68:25:DD:E0:FD:74
[08:26:23.571][C][wifi:1556]:   Connected: YES
[08:26:23.575][C][wifi:1259]:   IP Address: 192.168.1.104
[08:26:23.584][C][wifi:1270]:   SSID: 'MacTime'
[08:26:23.584][C][wifi:1270]:   BSSID: E0:63:DA:77:C3:E1
[08:26:23.584][C][wifi:1270]:   Hostname: 'orcon'
[08:26:23.584][C][wifi:1270]:   Signal strength: -62 dB ▂▄▆█
[08:26:23.584][C][wifi:1270]:   Channel: 1
[08:26:23.584][C][wifi:1270]:   Subnet: 255.255.255.0
[08:26:23.584][C][wifi:1270]:   Gateway: 192.168.1.1
[08:26:23.584][C][wifi:1270]:   DNS1: 192.168.1.1
[08:26:23.584][C][wifi:1270]:   DNS2: 0.0.0.0
[08:26:23.604][C][web_server:424]: Web Server:
[08:26:23.604][C][web_server:424]:   Address: orcon.local:80
[08:26:23.637][C][sntp:058]: SNTP Time:
[08:26:23.638][C][sntp:061]:   Server 0: '0.pool.ntp.org'
[08:26:23.638][C][sntp:061]:   Server 1: '1.pool.ntp.org'
[08:26:23.638][C][sntp:061]:   Server 2: '2.pool.ntp.org'
[08:26:23.641][C][time:049]: Timezone: UTC+1:00 (DST UTC+2:00)
[08:26:23.641][C][time:055]: Current time: 2026-08-05 08:26:23
[08:26:23.647][C][esphome.ota:098]: Over-The-Air updates:
[08:26:23.647][C][esphome.ota:098]:   Address: orcon.local:3232
[08:26:23.647][C][esphome.ota:098]:   Version: 2
[08:26:23.649][C][esphome.ota:105]:   Password configured
[08:26:23.669][C][safe_mode:058]: Safe Mode:
[08:26:23.669][C][safe_mode:058]:   Successful after: 60s
[08:26:23.669][C][safe_mode:058]:   Invoke after: 10 attempts
[08:26:23.669][C][safe_mode:058]:   Duration: 300s
[08:26:23.672][C][safe_mode:079]:   Bootloader rollback: not supported
[08:26:23.697][C][web_server.ota:256]: Web Server OTA
[08:26:23.715][C][api:269]: Server:
[08:26:23.715][C][api:269]:   Address: orcon.local:6053
[08:26:23.715][C][api:269]:   Listen backlog: 4
[08:26:23.715][C][api:269]:   Max connections: 5
[08:26:23.721][C][api:276]:   Noise encryption: YES
[08:26:23.743][C][wifi_signal.sensor:017]: WiFi Signal 'WiFi Signal dB'
[08:26:23.743][C][wifi_signal.sensor:017]:   State Class: 'measurement'
[08:26:23.743][C][wifi_signal.sensor:017]:   Unit of Measurement: 'dBm'
[08:26:23.743][C][wifi_signal.sensor:017]:   Accuracy Decimals: 0
[08:26:23.743][C][wifi_signal.sensor:225]:   Device Class: 'signal_strength'
[08:26:23.757][C][mdns:259]: mDNS:
[08:26:23.757][C][mdns:259]:   Hostname: orcon
[08:26:24.313][D][sgp4x:158]: Stabilizing (8/90); VOC index: 0
[08:26:25.308][D][sgp4x:158]: Stabilizing (9/90); VOC index: 0
[08:26:26.308][D][sgp4x:158]: Stabilizing (10/90); VOC index: 0
[08:26:27.053][D][pulse_counter:200]: 'Fan Tacho': Retrieved counter: 0.00 pulses/min
[08:26:27.161][S][sensor]: 'Fan Tacho' >> 0.00 rpm
[08:26:27.321][D][sgp4x:158]: Stabilizing (11/90); VOC index: 0
[08:26:28.308][D][sgp4x:158]: Stabilizing (12/90); VOC index: 0
[08:26:28.658][I][main:794]: Manual control changed to: HOOG
[08:26:28.663][I][air_quality:333]: state=FAULT speed=15 reason=sensor_stale_or_invalid (voc=nan co2=nan rh=54 nox=nan)
[08:26:28.765][S][text_sensor]: 'Controller State' >> 'FAULT'
[08:26:28.766][S][text_sensor]: 'Last Decision Reason' >> 'sensor_stale_or_invalid'
[08:26:28.766][S][sensor]: 'Commanded Fan Speed' >> 15.0 %
[08:26:28.766][S][select]: 'Manual Control' >> HOOG
[08:26:29.309][D][sgp4x:158]: Stabilizing (13/90); VOC index: 0
[08:26:30.308][D][sgp4x:158]: Stabilizing (14/90); VOC index: 0
[08:26:31.316][D][sgp4x:158]: Stabilizing (15/90); VOC index: 0
[08:26:31.694][I][air_quality:333]: state=FAULT speed=15 reason=sensor_stale_or_invalid (voc=nan co2=nan rh=54 nox=nan)
[08:26:31.798][S][text_sensor]: 'Controller State' >> 'FAULT'
[08:26:31.799][S][text_sensor]: 'Last Decision Reason' >> 'sensor_stale_or_invalid'
[08:26:31.799][S][sensor]: 'Commanded Fan Speed' >> 15.0 %
[08:26:32.053][D][pulse_counter:200]: 'Fan Tacho': Retrieved counter: 0.00 pulses/min
[08:26:32.156][S][sensor]: 'Fan Tacho' >> 0.00 rpm
[08:26:32.308][D][sgp4x:158]: Stabilizing (16/90); VOC index: 0
[08:26:33.312][D][sgp4x:158]: Stabilizing (17/90); VOC index: 0
[08:26:34.311][D][sgp4x:158]: Stabilizing (18/90); VOC index: 0
[08:26:35.308][D][sgp4x:158]: Stabilizing (19/90); VOC index: 0
[08:26:36.327][D][sgp4x:158]: Stabilizing (20/90); VOC index: 0
[08:26:37.057][D][pulse_counter:200]: 'Fan Tacho': Retrieved counter: 0.00 pulses/min
[08:26:37.157][S][sensor]: 'Fan Tacho' >> 0.00 rpm
[08:26:37.308][D][sgp4x:158]: Stabilizing (21/90); VOC index: 0
[08:26:38.309][D][sgp4x:158]: Stabilizing (22/90); VOC index: 0
[08:26:39.308][D][sgp4x:158]: Stabilizing (23/90); VOC index: 0
[08:26:40.320][D][sgp4x:158]: Stabilizing (24/90); VOC index: 0
[08:26:41.309][D][sgp4x:158]: Stabilizing (25/90); VOC index: 0
[08:26:42.057][D][pulse_counter:200]: 'Fan Tacho': Retrieved counter: 0.00 pulses/min
[08:26:42.163][S][sensor]: 'Fan Tacho' >> 0.00 rpm
[08:26:42.308][D][sgp4x:158]: Stabilizing (26/90); VOC index: 0
[08:26:43.309][D][sgp4x:158]: Stabilizing (27/90); VOC index: 0
[08:26:44.309][D][sgp4x:158]: Stabilizing (28/90); VOC index: 0
[08:26:45.316][D][sgp4x:158]: Stabilizing (29/90); VOC index: 0
[08:26:46.310][D][sgp4x:158]: Stabilizing (30/90); VOC index: 0
[08:26:47.053][D][pulse_counter:200]: 'Fan Tacho': Retrieved counter: 0.00 pulses/min
[08:26:47.174][S][sensor]: 'Fan Tacho' >> 0.00 rpm
[08:26:47.308][D][sgp4x:158]: Stabilizing (31/90); VOC index: 0
[08:26:47.625][S][sensor]: 'SHT4x Temperature' >> 26.82 °C
[08:26:48.309][D][sgp4x:158]: Stabilizing (32/90); VOC index: 0
[08:26:48.728][S][sensor]: 'WiFi Signal Percent' >> 72 %
[08:26:48.729][S][sensor]: 'WiFi Signal dB' >> -64 dBm
[08:26:49.323][D][sgp4x:158]: Stabilizing (33/90); VOC index: 0
[08:26:49.425][I][air_quality:333]: state=FAULT speed=15 reason=sensor_stale_or_invalid (voc=nan co2=518 rh=54 nox=nan)
[08:26:49.429][W][component:365]: scd4x.sensor cleared Warning flag
[08:26:49.528][S][text_sensor]: 'Controller State' >> 'FAULT'
[08:26:49.529][S][text_sensor]: 'Last Decision Reason' >> 'sensor_stale_or_invalid'
[08:26:49.529][S][sensor]: 'Commanded Fan Speed' >> 15.0 %
[08:26:49.529][S][sensor]: 'SCD4x Temperature' >> 26.64 °C
[08:26:49.529][S][sensor]: 'SCD4x Humidity' >> 52.63 %
[08:26:50.311][D][sgp4x:158]: Stabilizing (34/90); VOC index: 0
[08:26:51.312][D][sgp4x:158]: Stabilizing (35/90); VOC index: 0
[08:26:52.053][D][pulse_counter:200]: 'Fan Tacho': Retrieved counter: 0.00 pulses/min
[08:26:52.154][S][sensor]: 'Fan Tacho' >> 0.00 rpm
[08:26:52.308][D][sgp4x:158]: Stabilizing (36/90); VOC index: 0
[08:26:53.317][D][sgp4x:158]: Stabilizing (37/90); VOC index: 0
[08:26:54.308][D][sgp4x:158]: Stabilizing (38/90); VOC index: 0
[08:26:55.308][D][sgp4x:158]: Stabilizing (39/90); VOC index: 0
[08:26:56.309][D][sgp4x:158]: Stabilizing (40/90); VOC index: 0
[08:26:57.053][D][pulse_counter:200]: 'Fan Tacho': Retrieved counter: 0.00 pulses/min
[08:26:57.152][S][sensor]: 'Fan Tacho' >> 0.00 rpm
[08:26:57.310][D][sgp4x:158]: Stabilizing (41/90); VOC index: 0
[08:26:58.309][D][sgp4x:158]: Stabilizing (42/90); VOC index: 0
[08:26:59.308][D][sgp4x:158]: Stabilizing (43/90); VOC index: 0
[08:27:00.309][D][sgp4x:158]: Stabilizing (44/90); VOC index: 0
[08:27:01.308][D][sgp4x:158]: Stabilizing (45/90); VOC index: 0
[08:27:02.053][D][pulse_counter:200]: 'Fan Tacho': Retrieved counter: 0.00 pulses/min
[08:27:02.155][S][sensor]: 'Fan Tacho' >> 0.00 rpm
[08:27:02.319][D][sgp4x:158]: Stabilizing (46/90); VOC index: 0
[08:27:03.311][D][sgp4x:158]: Stabilizing (47/90); VOC index: 1
[08:27:04.309][D][sgp4x:158]: Stabilizing (48/90); VOC index: 1
[08:27:05.309][D][sgp4x:158]: Stabilizing (49/90); VOC index: 1
[08:27:06.311][D][sgp4x:158]: Stabilizing (50/90); VOC index: 3
[08:27:07.060][D][pulse_counter:200]: 'Fan Tacho': Retrieved counter: 0.00 pulses/min
[08:27:07.155][S][sensor]: 'Fan Tacho' >> 0.00 rpm
[08:27:07.309][D][sgp4x:158]: Stabilizing (51/90); VOC index: 5
[08:27:08.357][D][sgp4x:158]: Stabilizing (52/90); VOC index: 7
[08:27:09.309][D][sgp4x:158]: Stabilizing (53/90); VOC index: 9
[08:27:10.318][D][sgp4x:158]: Stabilizing (54/90); VOC index: 12
[08:27:11.328][D][sgp4x:158]: Stabilizing (55/90); VOC index: 15
[08:27:12.055][D][pulse_counter:200]: 'Fan Tacho': Retrieved counter: 0.00 pulses/min
[08:27:12.157][S][sensor]: 'Fan Tacho' >> 0.00 rpm
[08:27:12.309][D][sgp4x:158]: Stabilizing (56/90); VOC index: 17
[08:27:13.309][D][sgp4x:158]: Stabilizing (57/90); VOC index: 19
[08:27:14.313][D][sgp4x:158]: Stabilizing (58/90); VOC index: 22
[08:27:15.316][D][sgp4x:158]: Stabilizing (59/90); VOC index: 24
[08:27:16.309][D][sgp4x:158]: Stabilizing (60/90); VOC index: 26
[08:27:16.695][I][safe_mode:142]: Boot seems successful; resetting boot loop counter
[08:27:17.055][D][pulse_counter:200]: 'Fan Tacho': Retrieved counter: 0.00 pulses/min
[08:27:17.158][S][sensor]: 'Fan Tacho' >> 0.00 rpm
[08:27:17.309][D][sgp4x:158]: Stabilizing (61/90); VOC index: 28
[08:27:17.627][S][sensor]: 'SHT4x Temperature' >> 26.97 °C
[08:27:18.302][S][sensor]: 'SCD4x CO2' >> 518 ppm
[08:27:18.307][D][sgp4x:158]: Stabilizing (62/90); VOC index: 29
[08:27:18.737][S][sensor]: 'WiFi Signal Percent' >> 74 %
[08:27:18.737][S][sensor]: 'WiFi Signal dB' >> -63 dBm
[08:27:19.310][D][sgp4x:158]: Stabilizing (63/90); VOC index: 31
[08:27:19.530][S][sensor]: 'SCD4x Temperature' >> 25.79 °C
[08:27:19.530][S][sensor]: 'SCD4x Humidity' >> 55.05 %
[08:27:20.088][D][preferences:245]: Writing 2 items: 0 cached, 2 written, 0 failed
[08:27:20.309][D][sgp4x:158]: Stabilizing (64/90); VOC index: 33
[08:27:21.313][D][sgp4x:158]: Stabilizing (65/90); VOC index: 34
[08:27:22.069][D][pulse_counter:200]: 'Fan Tacho': Retrieved counter: 0.00 pulses/min
[08:27:22.173][S][sensor]: 'Fan Tacho' >> 0.00 rpm
[08:27:22.309][D][sgp4x:158]: Stabilizing (66/90); VOC index: 36
[08:27:23.309][D][sgp4x:158]: Stabilizing (67/90); VOC index: 37
[08:27:24.321][D][sgp4x:158]: Stabilizing (68/90); VOC index: 38
[08:27:25.309][D][sgp4x:158]: Stabilizing (69/90); VOC index: 40
[08:27:26.309][D][sgp4x:158]: Stabilizing (70/90); VOC index: 41
[08:27:27.053][D][pulse_counter:200]: 'Fan Tacho': Retrieved counter: 0.00 pulses/min
[08:27:27.162][S][sensor]: 'Fan Tacho' >> 0.00 rpm
[08:27:27.312][D][sgp4x:158]: Stabilizing (71/90); VOC index: 42
[08:27:28.313][D][sgp4x:158]: Stabilizing (72/90); VOC index: 43
[08:27:29.309][D][sgp4x:158]: Stabilizing (73/90); VOC index: 44
[08:27:30.317][D][sgp4x:158]: Stabilizing (74/90); VOC index: 45
[08:27:31.309][D][sgp4x:158]: Stabilizing (75/90); VOC index: 46
[08:27:32.053][D][pulse_counter:200]: 'Fan Tacho': Retrieved counter: 0.00 pulses/min
[08:27:32.153][S][sensor]: 'Fan Tacho' >> 0.00 rpm
[08:27:32.309][D][sgp4x:158]: Stabilizing (76/90); VOC index: 47
[08:27:33.326][D][sgp4x:158]: Stabilizing (77/90); VOC index: 47
[08:27:34.309][D][sgp4x:158]: Stabilizing (78/90); VOC index: 48
[08:27:35.309][D][sgp4x:158]: Stabilizing (79/90); VOC index: 49
[08:27:36.309][D][sgp4x:158]: Stabilizing (80/90); VOC index: 49
[08:27:37.083][D][pulse_counter:200]: 'Fan Tacho': Retrieved counter: 0.00 pulses/min
[08:27:37.154][S][sensor]: 'Fan Tacho' >> 0.00 rpm
[08:27:37.317][D][sgp4x:158]: Stabilizing (81/90); VOC index: 49
[08:27:38.323][D][sgp4x:158]: Stabilizing (82/90); VOC index: 50
[08:27:39.310][D][sgp4x:158]: Stabilizing (83/90); VOC index: 50
[08:27:40.309][D][sgp4x:158]: Stabilizing (84/90); VOC index: 50
[08:27:41.309][D][sgp4x:158]: Stabilizing (85/90); VOC index: 50
[08:27:42.053][D][pulse_counter:200]: 'Fan Tacho': Retrieved counter: 0.00 pulses/min
[08:27:42.153][S][sensor]: 'Fan Tacho' >> 0.00 rpm
[08:27:42.309][D][sgp4x:158]: Stabilizing (86/90); VOC index: 50
[08:27:43.309][D][sgp4x:158]: Stabilizing (87/90); VOC index: 51
[08:27:44.311][D][sgp4x:158]: Stabilizing (88/90); VOC index: 51
[08:27:45.309][D][sgp4x:158]: Stabilizing (89/90); VOC index: 51
[08:27:46.325][D][sgp4x:158]: Stabilizing (90/90); VOC index: 51
[08:27:47.053][D][pulse_counter:200]: 'Fan Tacho': Retrieved counter: 0.00 pulses/min
[08:27:47.154][S][sensor]: 'Fan Tacho' >> 0.00 rpm
[08:27:47.623][S][sensor]: 'SHT4x Temperature' >> 27.09 °C
[08:27:48.731][S][sensor]: 'WiFi Signal Percent' >> 74 %
[08:27:48.731][S][sensor]: 'WiFi Signal dB' >> -63 dBm
[08:27:49.519][S][sensor]: 'SCD4x Temperature' >> 25.22 °C
[08:27:49.520][S][sensor]: 'SCD4x Humidity' >> 56.72 %
[08:27:50.230][I][air_quality:333]: state=FAULT speed=15 reason=sensor_stale_or_invalid (voc=51 co2=518 rh=54 nox=nan)
[08:27:50.235][I][air_quality:333]: state=MANUAL speed=85 reason=manual_mode (voc=51 co2=518 rh=54 nox=1)
[08:27:50.338][S][text_sensor]: 'Controller State' >> 'MANUAL'
[08:27:50.339][S][text_sensor]: 'Last Decision Reason' >> 'manual_mode'
[08:27:50.339][S][sensor]: 'Commanded Fan Speed' >> 85.0 %
[08:27:50.339][S][fan]: 'Fan' >> ON
[08:27:50.339][S][fan]:   Speed: 85
[08:27:50.339][S][binary_sensor]: 'Problem' >> OFF
[08:27:50.695][S][sensor]: 'SGP4x VOC Index' >> 51 
[08:27:52.058][D][pulse_counter:200]: 'Fan Tacho': Retrieved counter: 0.00 pulses/min
[08:27:52.156][S][sensor]: 'Fan Tacho' >> 0.00 rpm
[08:27:57.076][D][pulse_counter:200]: 'Fan Tacho': Retrieved counter: 588.00 pulses/min
[08:27:57.180][S][sensor]: 'Fan Tacho' >> 588.00 rpm
[08:28:02.054][D][pulse_counter:200]: 'Fan Tacho': Retrieved counter: 2148.00 pulses/min
[08:28:02.153][S][sensor]: 'Fan Tacho' >> 2148.00 rpm
[08:28:03.522][I][main:794]: Manual control changed to: AUTO
[08:28:03.527][I][air_quality:333]: state=IDLE speed=15 reason=idle (voc=51 co2=518 rh=54 nox=1)
[08:28:03.630][S][fan]: 'Fan' >> ON
[08:28:03.630][S][fan]:   Speed: 15
[08:28:03.630][S][text_sensor]: 'Controller State' >> 'IDLE'
[08:28:03.630][S][text_sensor]: 'Last Decision Reason' >> 'idle'
[08:28:03.630][S][sensor]: 'Commanded Fan Speed' >> 15.0 %
[08:28:03.630][S][select]: 'Manual Control' >> AUTO
[08:28:07.054][D][pulse_counter:200]: 'Fan Tacho': Retrieved counter: 2340.00 pulses/min
[08:28:07.157][S][sensor]: 'Fan Tacho' >> 2340.00 rpm
[08:28:12.054][D][pulse_counter:200]: 'Fan Tacho': Retrieved counter: 1032.00 pulses/min
[08:28:12.153][S][sensor]: 'Fan Tacho' >> 1032.00 rpm
[08:28:17.054][D][pulse_counter:200]: 'Fan Tacho': Retrieved counter: 540.00 pulses/min
[08:28:17.153][S][sensor]: 'Fan Tacho' >> 540.00 rpm
[08:28:17.287][S][sensor]: 'SGP4x NOx Index' >> 1 
[08:28:17.501][I][air_quality:333]: state=IDLE speed=15 reason=cooldown (voc=51 co2=518 rh=54 nox=1)
[08:28:17.610][S][text_sensor]: 'Controller State' >> 'IDLE'
[08:28:17.610][S][text_sensor]: 'Last Decision Reason' >> 'cooldown'
[08:28:17.610][S][sensor]: 'Commanded Fan Speed' >> 15.0 %
[08:28:17.610][S][sensor]: 'SHT4x Temperature' >> 26.73 °C
[08:28:18.734][S][sensor]: 'WiFi Signal Percent' >> 78 %
[08:28:18.734][S][sensor]: 'WiFi Signal dB' >> -61 dBm
[08:28:19.522][S][sensor]: 'SCD4x Temperature' >> 24.45 °C
[08:28:19.523][S][sensor]: 'SCD4x Humidity' >> 58.65 %
[08:28:20.099][D][preferences:245]: Writing 4 items: 0 cached, 4 written, 0 failed
[08:28:22.057][D][pulse_counter:200]: 'Fan Tacho': Retrieved counter: 444.00 pulses/min
[08:28:22.164][S][sensor]: 'Fan Tacho' >> 444.00 rpm
[08:28:27.055][D][pulse_counter:200]: 'Fan Tacho': Retrieved counter: 444.00 pulses/min
[08:28:27.158][S][sensor]: 'Fan Tacho' >> 444.00 rpm
[08:28:32.066][D][pulse_counter:200]: 'Fan Tacho': Retrieved counter: 444.00 pulses/min
[08:28:32.168][S][sensor]: 'Fan Tacho' >> 444.00 rpm
[08:28:37.054][D][pulse_counter:200]: 'Fan Tacho': Retrieved counter: 444.00 pulses/min
[08:28:37.153][S][sensor]: 'Fan Tacho' >> 444.00 rpm
[08:28:42.054][D][pulse_counter:200]: 'Fan Tacho': Retrieved counter: 456.00 pulses/min
[08:28:42.153][S][sensor]: 'Fan Tacho' >> 456.00 rpm
[08:28:43.879][I][main:794]: Manual control changed to: LAAG
[08:28:43.882][I][air_quality:333]: state=MANUAL speed=35 reason=manual_mode (voc=51 co2=518 rh=54 nox=1)
[08:28:43.984][S][fan]: 'Fan' >> ON
[08:28:43.984][S][fan]:   Speed: 35
[08:28:43.984][S][text_sensor]: 'Controller State' >> 'MANUAL'
[08:28:43.984][S][text_sensor]: 'Last Decision Reason' >> 'manual_mode'
[08:28:43.984][S][sensor]: 'Commanded Fan Speed' >> 35.0 %
[08:28:43.984][S][select]: 'Manual Control' >> LAAG
[08:28:47.054][D][pulse_counter:200]: 'Fan Tacho': Retrieved counter: 660.00 pulses/min
[08:28:47.157][S][sensor]: 'Fan Tacho' >> 660.00 rpm
[08:28:47.518][I][air_quality:333]: state=MANUAL speed=35 reason=manual_mode (voc=51 co2=518 rh=53 nox=1)
[08:28:47.620][S][sensor]: 'SHT4x Temperature' >> 26.79 °C
[08:28:47.621][S][text_sensor]: 'Controller State' >> 'MANUAL'
[08:28:47.621][S][text_sensor]: 'Last Decision Reason' >> 'manual_mode'
[08:28:47.621][S][sensor]: 'Commanded Fan Speed' >> 35.0 %
[08:28:48.579][S][sensor]: 'SHT4x Humidity' >> 52.97 %
[08:28:48.724][S][sensor]: 'WiFi Signal Percent' >> 72 %
[08:28:48.724][S][sensor]: 'WiFi Signal dB' >> -64 dBm
[08:28:49.511][S][sensor]: 'SCD4x Temperature' >> 24.41 °C
[08:28:49.511][S][sensor]: 'SCD4x Humidity' >> 59.11 %
[08:28:52.057][D][pulse_counter:200]: 'Fan Tacho': Retrieved counter: 1032.00 pulses/min
[08:28:52.155][S][sensor]: 'Fan Tacho' >> 1032.00 rpm
[08:28:53.567][I][main:794]: Manual control changed to: MEDIUM
[08:28:53.576][I][air_quality:333]: state=MANUAL speed=55 reason=manual_mode (voc=51 co2=518 rh=53 nox=1)
[08:28:53.679][S][fan]: 'Fan' >> ON
[08:28:53.679][S][fan]:   Speed: 55
[08:28:53.679][S][text_sensor]: 'Controller State' >> 'MANUAL'
[08:28:53.679][S][text_sensor]: 'Last Decision Reason' >> 'manual_mode'
[08:28:53.679][S][sensor]: 'Commanded Fan Speed' >> 55.0 %
[08:28:53.679][S][select]: 'Manual Control' >> MEDIUM
[08:28:57.059][D][pulse_counter:200]: 'Fan Tacho': Retrieved counter: 1260.00 pulses/min
[08:28:57.153][S][sensor]: 'Fan Tacho' >> 1260.00 rpm
[08:29:02.054][D][pulse_counter:200]: 'Fan Tacho': Retrieved counter: 1668.00 pulses/min
[08:29:02.154][S][sensor]: 'Fan Tacho' >> 1668.00 rpm
[08:29:03.590][I][main:794]: Manual control changed to: HOOG
[08:29:03.596][I][air_quality:333]: state=MANUAL speed=85 reason=manual_mode (voc=51 co2=518 rh=53 nox=1)
[08:29:03.741][S][fan]: 'Fan' >> ON
[08:29:03.741][S][fan]:   Speed: 85
[08:29:03.741][S][text_sensor]: 'Controller State' >> 'MANUAL'
[08:29:03.741][S][text_sensor]: 'Last Decision Reason' >> 'manual_mode'
[08:29:03.741][S][sensor]: 'Commanded Fan Speed' >> 85.0 %
[08:29:03.741][S][select]: 'Manual Control' >> HOOG
[08:29:07.065][D][pulse_counter:200]: 'Fan Tacho': Retrieved counter: 1932.00 pulses/min
[08:29:07.169][S][sensor]: 'Fan Tacho' >> 1932.00 rpm
[08:29:12.054][D][pulse_counter:200]: 'Fan Tacho': Retrieved counter: 2448.00 pulses/min
[08:29:12.158][S][sensor]: 'Fan Tacho' >> 2448.00 rpm
[08:29:17.054][D][pulse_counter:200]: 'Fan Tacho': Retrieved counter: 2484.00 pulses/min
[08:29:17.156][S][sensor]: 'Fan Tacho' >> 2484.00 rpm
[08:29:17.624][S][sensor]: 'SHT4x Temperature' >> 26.44 °C
[08:29:18.735][S][sensor]: 'WiFi Signal Percent' >> 74 %
[08:29:18.735][S][sensor]: 'WiFi Signal dB' >> -63 dBm
[08:29:19.414][I][air_quality:333]: state=MANUAL speed=85 reason=manual_mode (voc=51 co2=518 rh=53 nox=1)
[08:29:19.521][S][text_sensor]: 'Controller State' >> 'MANUAL'
[08:29:19.522][S][text_sensor]: 'Last Decision Reason' >> 'manual_mode'
[08:29:19.522][S][sensor]: 'Commanded Fan Speed' >> 85.0 %
[08:29:19.522][S][sensor]: 'SCD4x Temperature' >> 23.72 °C
[08:29:19.522][S][sensor]: 'SCD4x Humidity' >> 60.95 %
[08:29:20.107][D][preferences:245]: Writing 4 items: 0 cached, 4 written, 0 failed
[08:29:21.536][I][main:794]: Manual control changed to: AUTO
[08:29:21.541][I][air_quality:333]: state=IDLE speed=15 reason=idle (voc=51 co2=518 rh=53 nox=1)
[08:29:21.644][S][fan]: 'Fan' >> ON
[08:29:21.644][S][fan]:   Speed: 15
[08:29:21.645][S][text_sensor]: 'Controller State' >> 'IDLE'
[08:29:21.645][S][text_sensor]: 'Last Decision Reason' >> 'idle'
[08:29:21.645][S][sensor]: 'Commanded Fan Speed' >> 15.0 %
[08:29:21.645][S][select]: 'Manual Control' >> AUTO
[08:29:22.053][D][pulse_counter:200]: 'Fan Tacho': Retrieved counter: 2460.00 pulses/min
[08:29:22.166][S][sensor]: 'Fan Tacho' >> 2460.00 rpm
[08:29:27.054][D][pulse_counter:200]: 'Fan Tacho': Retrieved counter: 1824.00 pulses/min
[08:29:27.153][S][sensor]: 'Fan Tacho' >> 1824.00 rpm
[08:29:32.054][D][pulse_counter:200]: 'Fan Tacho': Retrieved counter: 756.00 pulses/min
[08:29:32.177][S][sensor]: 'Fan Tacho' >> 756.00 rpm